Archive member included to satisfy reference by file (symbol)

/Applications/ArmGNUToolchain/15.2.rel1/arm-none-eabi/bin/../lib/gcc/arm-none-eabi/15.2.1/thumb/v6-m/nofp/libgcc.a(_dvmd_tls.o)
                              CMakeFiles/HW2.dir/Users/annalee/Documents/GitHub/pico-sdk/src/rp2_common/pico_divider/divider_hardware.S.o (__aeabi_idiv0)
/Applications/ArmGNUToolchain/15.2.rel1/arm-none-eabi/bin/../lib/gcc/arm-none-eabi/15.2.1/../../../../arm-none-eabi/lib/thumb/v6-m/nofp/libg.a(libc_a-calloc.o)
                              CMakeFiles/HW2.dir/Users/annalee/Documents/GitHub/pico-sdk/src/rp2_common/pico_malloc/malloc.c.o (calloc)
/Applications/ArmGNUToolchain/15.2.rel1/arm-none-eabi/bin/../lib/gcc/arm-none-eabi/15.2.1/../../../../arm-none-eabi/lib/thumb/v6-m/nofp/libg.a(libc_a-callocr.o)
                              /Applications/ArmGNUToolchain/15.2.rel1/arm-none-eabi/bin/../lib/gcc/arm-none-eabi/15.2.1/../../../../arm-none-eabi/lib/thumb/v6-m/nofp/libg.a(libc_a-calloc.o) (_calloc_r)
/Applications/ArmGNUToolchain/15.2.rel1/arm-none-eabi/bin/../lib/gcc/arm-none-eabi/15.2.1/../../../../arm-none-eabi/lib/thumb/v6-m/nofp/libg.a(libc_a-malloc.o)
                              CMakeFiles/HW2.dir/Users/annalee/Documents/GitHub/pico-sdk/src/rp2_common/pico_malloc/malloc.c.o (malloc)
/Applications/ArmGNUToolchain/15.2.rel1/arm-none-eabi/bin/../lib/gcc/arm-none-eabi/15.2.1/../../../../arm-none-eabi/lib/thumb/v6-m/nofp/libg.a(libc_a-mallocr.o)
                              /Applications/ArmGNUToolchain/15.2.rel1/arm-none-eabi/bin/../lib/gcc/arm-none-eabi/15.2.1/../../../../arm-none-eabi/lib/thumb/v6-m/nofp/libg.a(libc_a-callocr.o) (_malloc_r)
/Applications/ArmGNUToolchain/15.2.rel1/arm-none-eabi/bin/../lib/gcc/arm-none-eabi/15.2.1/../../../../arm-none-eabi/lib/thumb/v6-m/nofp/libg.a(libc_a-mlock.o)
                              /Applications/ArmGNUToolchain/15.2.rel1/arm-none-eabi/bin/../lib/gcc/arm-none-eabi/15.2.1/../../../../arm-none-eabi/lib/thumb/v6-m/nofp/libg.a(libc_a-mallocr.o) (__malloc_lock)
/Applications/ArmGNUToolchain/15.2.rel1/arm-none-eabi/bin/../lib/gcc/arm-none-eabi/15.2.1/../../../../arm-none-eabi/lib/thumb/v6-m/nofp/libg.a(libc_a-realloc.o)
                              CMakeFiles/HW2.dir/Users/annalee/Documents/GitHub/pico-sdk/src/rp2_common/pico_malloc/malloc.c.o (realloc)
/Applications/ArmGNUToolchain/15.2.rel1/arm-none-eabi/bin/../lib/gcc/arm-none-eabi/15.2.1/../../../../arm-none-eabi/lib/thumb/v6-m/nofp/libg.a(libc_a-reallocr.o)
                              /Applications/ArmGNUToolchain/15.2.rel1/arm-none-eabi/bin/../lib/gcc/arm-none-eabi/15.2.1/../../../../arm-none-eabi/lib/thumb/v6-m/nofp/libg.a(libc_a-realloc.o) (_realloc_r)
/Applications/ArmGNUToolchain/15.2.rel1/arm-none-eabi/bin/../lib/gcc/arm-none-eabi/15.2.1/../../../../arm-none-eabi/lib/thumb/v6-m/nofp/libg.a(libc_a-memcmp.o)
                              CMakeFiles/HW2.dir/Users/annalee/Documents/GitHub/pico-sdk/src/rp2_common/pico_atomic/atomic.c.o (memcmp)
/Applications/ArmGNUToolchain/15.2.rel1/arm-none-eabi/bin/../lib/gcc/arm-none-eabi/15.2.1/../../../../arm-none-eabi/lib/thumb/v6-m/nofp/libg.a(libc_a-memmove.o)
                              /Applications/ArmGNUToolchain/15.2.rel1/arm-none-eabi/bin/../lib/gcc/arm-none-eabi/15.2.1/../../../../arm-none-eabi/lib/thumb/v6-m/nofp/libg.a(libc_a-reallocr.o) (memmove)
/Applications/ArmGNUToolchain/15.2.rel1/arm-none-eabi/bin/../lib/gcc/arm-none-eabi/15.2.1/../../../../arm-none-eabi/lib/thumb/v6-m/nofp/libg.a(libc_a-lcltime_r.o)
                              CMakeFiles/HW2.dir/Users/annalee/Documents/GitHub/pico-sdk/src/common/pico_util/datetime.c.o (localtime_r)
/Applications/ArmGNUToolchain/15.2.rel1/arm-none-eabi/bin/../lib/gcc/arm-none-eabi/15.2.1/../../../../arm-none-eabi/lib/thumb/v6-m/nofp/libg.a(libc_a-mktime.o)
                              CMakeFiles/HW2.dir/Users/annalee/Documents/GitHub/pico-sdk/src/common/pico_util/datetime.c.o (mktime)
/Applications/ArmGNUToolchain/15.2.rel1/arm-none-eabi/bin/../lib/gcc/arm-none-eabi/15.2.1/../../../../arm-none-eabi/lib/thumb/v6-m/nofp/libg.a(libc_a-month_lengths.o)
                              /Applications/ArmGNUToolchain/15.2.rel1/arm-none-eabi/bin/../lib/gcc/arm-none-eabi/15.2.1/../../../../arm-none-eabi/lib/thumb/v6-m/nofp/libg.a(libc_a-lcltime_r.o) (__month_lengths)
/Applications/ArmGNUToolchain/15.2.rel1/arm-none-eabi/bin/../lib/gcc/arm-none-eabi/15.2.1/../../../../arm-none-eabi/lib/thumb/v6-m/nofp/libg.a(libc_a-tzcalc_limits.o)
                              /Applications/ArmGNUToolchain/15.2.rel1/arm-none-eabi/bin/../lib/gcc/arm-none-eabi/15.2.1/../../../../arm-none-eabi/lib/thumb/v6-m/nofp/libg.a(libc_a-lcltime_r.o) (__tzcalc_limits)
/Applications/ArmGNUToolchain/15.2.rel1/arm-none-eabi/bin/../lib/gcc/arm-none-eabi/15.2.1/../../../../arm-none-eabi/lib/thumb/v6-m/nofp/libg.a(libc_a-tzlock.o)
[...]
Memory Configuration

Name             Origin             Length             Attributes
FLASH            0x10000000         0x00200000         xr
RAM              0x20000000         0x00040000         xrw
SCRATCH_X        0x20040000         0x00001000         xrw
SCRATCH_Y        0x20041000         0x00001000         xrw
*default*        0x00000000         0xffffffff

Linker script and memory map

LOAD /Applications/ArmGNUToolchain/15.2.rel1/arm-none-eabi/bin/../lib/gcc/arm-none-eabi/15.2.1/thumb/v6-m/nofp/crti.o
LOAD /Applications/ArmGNUToolchain/15.2.rel1/arm-none-eabi/bin/../lib/gcc/arm-none-eabi/15.2.1/thumb/v6-m/nofp/crtbegin.o
LOAD /Applications/ArmGNUToolchain/15.2.rel1/arm-none-eabi/bin/../lib/gcc/arm-none-eabi/15.2.1/../../../../arm-none-eabi/lib/thumb/v6-m/nofp/crt0.o

.flash_begin    0x10000000        0x0
                0x10000000                        __flash_binary_start = .

.boot2          0x10000000      0x100
                0x10000000                        __boot2_start__ = .
 *(.boot2)
 .boot2         0x10000000      0x100 pico-sdk/src/rp2040/boot_stage2/CMakeFiles/bs2_default_library.dir/./bs2_default_padded_checksummed.S.o
                0x10000100                        __boot2_end__ = .
                0x00000001                        ASSERT (((__boot2_end__ - __boot2_start__) == 0x100), ERROR: Pico second stage bootloader must be 256 bytes in size)

.text           0x10000100     0x3f40
                0x10000100                        __logical_binary_start = .
 *(.vectors)
 .vectors       0x10000100       0xd4 CMakeFiles/HW2.dir/Users/annalee/Documents/GitHub/pico-sdk/src/rp2_common/pico_crt0/crt0.S.o
                0x10000100                __VECTOR_TABLE
                0x10000100                __vectors
                0x100001c0                isr_irq13
                0x100001c0                isr_irq27
                0x100001c0                isr_irq31
                0x100001c0                isr_irq5
                0x100001c0                isr_irq11
                0x100001c0                isr_irq23
                0x100001c0                isr_irq18
                0x100001c0                isr_irq9
                0x100001c0                __unhandled_user_irq
                0x100001c0                isr_irq25
                0x100001c0                isr_irq4
                0x100001c0                isr_irq16
                0x100001c0                isr_irq29
                0x100001c0                isr_irq26
                0x100001c0                isr_irq3
                0x100001c0                isr_irq12
                0x100001c0                isr_irq30
                0x100001c0                isr_irq28
                0x100001c0                isr_irq19
                0x100001c0                isr_irq0
                0x100001c0                isr_irq6
                0x100001c0                isr_irq22
                0x100001c0                isr_irq17
                0x100001c0                isr_irq14
                0x100001c0                __vectors_end
                0x100001c0                __default_isrs_start
                0x100001c0                isr_irq2
                0x100001c0                isr_irq10
                0x100001c0                isr_irq8
                0x100001c0                isr_irq24
                0x100001c0                isr_irq1
                0x100001c0                isr_irq7
                0x100001c0                isr_irq21
                0x100001c0                isr_irq20
                0x100001c0                isr_irq15
                0x100001c6                unhandled_user_irq_num_in_r0
                0x100001c8                isr_invalid
                0x100001ca                isr_nmi
                0x100001cc                isr_hardfault
                0x100001ce                isr_svcall
                0x100001d0                isr_pendsv
                0x100001d2                isr_systick
                0x100001d4                __default_isrs_end
 *(.binary_info_header)
 .binary_info_header
                0x100001d4       0x14 CMakeFiles/HW2.dir/Users/annalee/Documents/GitHub/pico-sdk/src/rp2_common/pico_crt0/crt0.S.o
                0x100001e8                        __binary_info_header_end = .
 *(.embedded_block)
                0x100001e8                        __embedded_block_end = .
 *(.reset)
 .reset         0x100001e8       0x9c CMakeFiles/HW2.dir/Users/annalee/Documents/GitHub/pico-sdk/src/rp2_common/pico_crt0/crt0.S.o
                0x100001e8                _entry_point
 *(.init)
 .init          0x10000284        0x4 /Applications/ArmGNUToolchain/15.2.rel1/arm-none-eabi/bin/../lib/gcc/arm-none-eabi/15.2.1/thumb/v6-m/nofp/crti.o
                0x10000284                _init
 *(EXCLUDE_FILE(*libm.a: *libc.a:*lib_a-mem*.o *libgcc.a:) .text*)
 .text.register_tm_clones
                0x10000288       0x28 /Applications/ArmGNUToolchain/15.2.rel1/arm-none-eabi/bin/../lib/gcc/arm-none-eabi/15.2.1/thumb/v6-m/nofp/crtbegin.o
 .text.frame_dummy
                0x100002b0       0x24 /Applications/ArmGNUToolchain/15.2.rel1/arm-none-eabi/bin/../lib/gcc/arm-none-eabi/15.2.1/thumb/v6-m/nofp/crtbegin.o
 .text.timer_interrupt_function
                0x100002d4       0x54 CMakeFiles/HW2.dir/main.c.o
                0x100002d4                timer_interrupt_function
 .text.startup.main
                0x10000328      0x158 CMakeFiles/HW2.dir/main.c.o
                0x10000328                main
 .text.gpio_set_function
                0x10000480       0x30 CMakeFiles/HW2.dir/Users/annalee/Documents/GitHub/pico-sdk/src/rp2_common/hardware_gpio/gpio.c.o
                0x10000480                gpio_set_function
 .text.gpio_set_pulls
                0x100004b0       0x24 CMakeFiles/HW2.dir/Users/annalee/Documents/GitHub/pico-sdk/src/rp2_common/hardware_gpio/gpio.c.o
                0x100004b0                gpio_set_pulls
 .text.gpio_set_input_enabled
                0x100004d4       0x24 CMakeFiles/HW2.dir/Users/annalee/Documents/GitHub/pico-sdk/src/rp2_common/hardware_gpio/gpio.c.o
                0x100004d4                gpio_set_input_enabled
 .text.panic    0x100004f8       0x30 CMakeFiles/HW2.dir/Users/annalee/Documents/GitHub/pico-sdk/src/rp2_common/pico_platform_panic/panic.c.o
                0x100004f8                panic
 .text.hw_claim_or_assert
                0x10000528       0x50 CMakeFiles/HW2.dir/Users/annalee/Documents/GitHub/pico-sdk/src/common/hardware_claim/claim.c.o
                0x10000528                hw_claim_or_assert
 .text.next_striped_spin_lock_num
                0x10000578       0x18 CMakeFiles/HW2.dir/Users/annalee/Documents/GitHub/pico-sdk/src/rp2_common/hardware_sync/sync.c.o
                0x10000578                next_striped_spin_lock_num
 .text.spin_locks_reset
                0x10000590       0x1c CMakeFiles/HW2.dir/Users/annalee/Documents/GitHub/pico-sdk/src/rp2_common/hardware_sync_spin_lock/sync_spin_lock.c.o
                0x10000590                spin_locks_reset
 .text.runtime_init_per_core_irq_priorities
                0x100005ac       0x48 CMakeFiles/HW2.dir/Users/annalee/Documents/GitHub/pico-sdk/src/rp2_common/hardware_irq/irq.c.o
                0x100005ac                runtime_init_per_core_irq_priorities
 .text.irq_set_enabled
                0x100005f4       0x24 CMakeFiles/HW2.dir/Users/annalee/Documents/GitHub/pico-sdk/src/rp2_common/hardware_irq/irq.c.o
                0x100005f4                irq_set_enabled
 .text.irq_set_exclusive_handler
                0x10000618       0x54 CMakeFiles/HW2.dir/Users/annalee/Documents/GitHub/pico-sdk/src/rp2_common/hardware_irq/irq.c.o
                0x10000618                irq_set_exclusive_handler
 .text.lock_init
                0x1000066c       0x10 CMakeFiles/HW2.dir/Users/annalee/Documents/GitHub/pico-sdk/src/common/pico_sync/lock_core.c.o
                0x1000066c                lock_init
 .text.runtime_init_mutex
                0x1000067c       0x50 CMakeFiles/HW2.dir/Users/annalee/Documents/GitHub/pico-sdk/src/common/pico_sync/mutex.c.o
                0x1000067c                runtime_init_mutex
 .text.sleep_until_callback
                0x100006cc       0x30 CMakeFiles/HW2.dir/Users/annalee/Documents/GitHub/pico-sdk/src/common/pico_time/time.c.o
 .text.alarm_pool_irq_handler
                0x100006fc      0x2f4 CMakeFiles/HW2.dir/Users/annalee/Documents/GitHub/pico-sdk/src/common/pico_time/time.c.o
 .text.runtime_init_default_alarm_pool
                0x100009f0       0xd8 CMakeFiles/HW2.dir/Users/annalee/Documents/GitHub/pico-sdk/src/common/pico_time/time.c.o
                0x100009f0                runtime_init_default_alarm_pool
 .text.alarm_pool_get_default
                0x10000ac8        0x8 CMakeFiles/HW2.dir/Users/annalee/Documents/GitHub/pico-sdk/src/common/pico_time/time.c.o
                0x10000ac8                alarm_pool_get_default
 .text.alarm_pool_add_alarm_at_force_in_context
                0x10000ad0       0xbc CMakeFiles/HW2.dir/Users/annalee/Documents/GitHub/pico-sdk/src/common/pico_time/time.c.o
                0x10000ad0                alarm_pool_add_alarm_at_force_in_context
 .text.alarm_pool_cancel_alarm
                0x10000b8c       0x74 CMakeFiles/HW2.dir/Users/annalee/Documents/GitHub/pico-sdk/src/common/pico_time/time.c.o
                0x10000b8c                alarm_pool_cancel_alarm
 .text.sleep_ms
                0x10000c00       0xfc CMakeFiles/HW2.dir/Users/annalee/Documents/GitHub/pico-sdk/src/common/pico_time/time.c.o
                0x10000c00                sleep_ms
 .text.best_effort_wfe_or_timeout
                0x10000cfc      0x100 CMakeFiles/HW2.dir/Users/annalee/Documents/GitHub/pico-sdk/src/common/pico_time/time.c.o
                0x10000cfc                best_effort_wfe_or_timeout
 .text.alarm_pool_add_repeating_timer_us
                0x10000dfc      0x124 CMakeFiles/HW2.dir/Users/annalee/Documents/GitHub/pico-sdk/src/common/pico_time/time.c.o
                0x10000dfc                alarm_pool_add_repeating_timer_us
 .text.timer_hardware_alarm_claim
                0x10000f20       0x14 CMakeFiles/HW2.dir/Users/annalee/Documents/GitHub/pico-sdk/src/rp2_common/hardware_timer/timer.c.o
                0x10000f20                timer_hardware_alarm_claim
 .text.timer_time_us_64
                0x10000f34       0x10 CMakeFiles/HW2.dir/Users/annalee/Documents/GitHub/pico-sdk/src/rp2_common/hardware_timer/timer.c.o
                0x10000f34                timer_time_us_64
 .text.time_us_64
                0x10000f44       0x14 CMakeFiles/HW2.dir/Users/annalee/Documents/GitHub/pico-sdk/src/rp2_common/hardware_timer/timer.c.o
                0x10000f44                time_us_64
 .text.busy_wait_until
                0x10000f58       0x20 CMakeFiles/HW2.dir/Users/annalee/Documents/GitHub/pico-sdk/src/rp2_common/hardware_timer/timer.c.o
                0x10000f58                busy_wait_until
 .text.clock_configure_int_divider
                0x10000f78       0xec CMakeFiles/HW2.dir/Users/annalee/Documents/GitHub/pico-sdk/src/rp2_common/hardware_clocks/clocks.c.o
                0x10000f78                clock_configure_int_divider
 .text.clock_configure_undivided
                0x10001064       0xe0 CMakeFiles/HW2.dir/Users/annalee/Documents/GitHub/pico-sdk/src/rp2_common/hardware_clocks/clocks.c.o
                0x10001064                clock_configure_undivided
 .text.clock_get_hz
                0x10001144        0xc CMakeFiles/HW2.dir/Users/annalee/Documents/GitHub/pico-sdk/src/rp2_common/hardware_clocks/clocks.c.o
                0x10001144                clock_get_hz
 .text.pll_init
                0x10001150       0xb0 CMakeFiles/HW2.dir/Users/annalee/Documents/GitHub/pico-sdk/src/rp2_common/hardware_pll/pll.c.o
                0x10001150                pll_init
 .text.tick_start
                0x10001200       0x10 CMakeFiles/HW2.dir/Users/annalee/Documents/GitHub/pico-sdk/src/rp2_common/hardware_ticks/ticks.c.o
                0x10001200                tick_start
 .text.rom_func_lookup
                0x10001210       0x10 CMakeFiles/HW2.dir/Users/annalee/Documents/GitHub/pico-sdk/src/rp2_common/pico_bootrom/bootrom.c.o
                0x10001210                rom_func_lookup
 .text.rom_data_lookup
                0x10001220       0x10 CMakeFiles/HW2.dir/Users/annalee/Documents/GitHub/pico-sdk/src/rp2_common/pico_bootrom/bootrom.c.o
                0x10001220                rom_data_lookup
 .text.rom_funcs_lookup
                0x10001230       0x44 CMakeFiles/HW2.dir/Users/annalee/Documents/GitHub/pico-sdk/src/rp2_common/pico_bootrom/bootrom.c.o
                0x10001230                rom_funcs_lookup
 .text.xosc_init
                0x10001274       0x28 CMakeFiles/HW2.dir/Users/annalee/Documents/GitHub/pico-sdk/src/rp2_common/hardware_xosc/xosc.c.o
                0x10001274                xosc_init
 .text.first_per_core_initializer
                0x1000129c        0x4 CMakeFiles/HW2.dir/Users/annalee/Documents/GitHub/pico-sdk/src/rp2_common/pico_runtime/runtime.c.o
 .text.hard_assertion_failure
                0x100012a0        0xc CMakeFiles/HW2.dir/Users/annalee/Documents/GitHub/pico-sdk/src/rp2_common/pico_runtime/runtime.c.o
                0x100012a0                hard_assertion_failure
 .text.runtime_run_initializers
                0x100012ac       0x28 CMakeFiles/HW2.dir/Users/annalee/Documents/GitHub/pico-sdk/src/rp2_common/pico_runtime/runtime.c.o
                0x100012ac                runtime_run_initializers
 .text.runtime_init_early_resets
                0x100012d4       0x2c CMakeFiles/HW2.dir/Users/annalee/Documents/GitHub/pico-sdk/src/rp2_common/pico_runtime_init/runtime_init.c.o
                0x100012d4                runtime_init_early_resets
 .text.runtime_init_usb_power_down
                0x10001300       0x1c CMakeFiles/HW2.dir/Users/annalee/Documents/GitHub/pico-sdk/src/rp2_common/pico_runtime_init/runtime_init.c.o
                0x10001300                runtime_init_usb_power_down
 .text.runtime_init_post_clock_resets
                0x1000131c       0x20 CMakeFiles/HW2.dir/Users/annalee/Documents/GitHub/pico-sdk/src/rp2_common/pico_runtime_init/runtime_init.c.o
                0x1000131c                runtime_init_post_clock_resets
 .text.runtime_init_rp2040_gpio_ie_disable
                0x1000133c       0x14 CMakeFiles/HW2.dir/Users/annalee/Documents/GitHub/pico-sdk/src/rp2_common/pico_runtime_init/runtime_init.c.o
                0x1000133c                runtime_init_rp2040_gpio_ie_disable
 .text.runtime_init_spin_locks_reset
                0x10001350        0x8 CMakeFiles/HW2.dir/Users/annalee/Documents/GitHub/pico-sdk/src/rp2_common/pico_runtime_init/runtime_init.c.o
                0x10001350                runtime_init_spin_locks_reset
 .text.runtime_init_install_ram_vector_table
                0x10001358       0xb8 CMakeFiles/HW2.dir/Users/annalee/Documents/GitHub/pico-sdk/src/rp2_common/pico_runtime_init/runtime_init.c.o
                0x10001358                runtime_init_install_ram_vector_table
 .text.runtime_init_clocks
                0x10001410       0xd8 CMakeFiles/HW2.dir/Users/annalee/Documents/GitHub/pico-sdk/src/rp2_common/pico_runtime_init/runtime_init_clocks.c.o
                0x10001410                runtime_init_clocks
 .text          0x100014e8       0x10 CMakeFiles/HW2.dir/Users/annalee/Documents/GitHub/pico-sdk/src/rp2_common/pico_bit_ops/bit_ops_aeabi.S.o
 .text.__wrap___aeabi_idiv
                0x100014f8       0x50 CMakeFiles/HW2.dir/Users/annalee/Documents/GitHub/pico-sdk/src/rp2_common/pico_divider/divider_hardware.S.o
                0x100014f8                __wrap___aeabi_idivmod
                0x100014f8                divmod_s32s32
                0x100014f8                div_s32s32
                0x100014f8                __wrap___aeabi_idiv
                0x10001500                divmod_s32s32_unsafe
                0x1000152c                divmod_s32s32_savestate
 .text.__wrap___aeabi_uidiv
                0x10001548       0x4c CMakeFiles/HW2.dir/Users/annalee/Documents/GitHub/pico-sdk/src/rp2_common/pico_divider/divider_hardware.S.o
                0x10001548                __wrap___aeabi_uidiv
                0x10001548                __wrap___aeabi_uidivmod
                0x10001548                div_u32u32
                0x10001548                divmod_u32u32
                0x10001550                divmod_u32u32_unsafe
                0x10001578                divmod_u32u32_savestate
 .text.__wrap___aeabi_ldiv
                0x10001594      0x424 CMakeFiles/HW2.dir/Users/annalee/Documents/GitHub/pico-sdk/src/rp2_common/pico_divider/divider_hardware.S.o
                0x10001594                __wrap___aeabi_ldivmod
                0x10001594                div_s64s64
                0x10001594                divmod_s64s64
                0x100015c4                divmod_u64u64
                0x100015c4                div_u64u64
                0x100015c4                __wrap___aeabi_uldivmod
                0x100015d4                divmod_u64u64_savestate
                0x100015f4                divmod_s64s64_unsafe
                0x1000167c                divmod_u64u64_unsafe
 .text.__wrap___aeabi_darithmetic
                0x100019b8       0x80 CMakeFiles/HW2.dir/Users/annalee/Documents/GitHub/pico-sdk/src/rp2_common/pico_double/double_aeabi_rp2040.S.o
                0x100019b8                __wrap___aeabi_drsub
                0x100019be                __wrap___aeabi_dsub
                0x100019d0                __wrap___aeabi_dadd
                0x100019e2                __wrap___aeabi_ddiv
                0x10001a1e                __wrap___aeabi_dmul
 .text.__wrap___aeabi_cdcmple
                0x10001a38       0x6c CMakeFiles/HW2.dir/Users/annalee/Documents/GitHub/pico-sdk/src/rp2_common/pico_double/double_aeabi_rp2040.S.o
                0x10001a38                __wrap___aeabi_cdrcmple
                0x10001a48                __wrap___aeabi_cdcmple
                0x10001a48                __wrap___aeabi_cdcmpeq
 .text.__wrap___aeabi_dcmplt
                0x10001aa4        0xc CMakeFiles/HW2.dir/Users/annalee/Documents/GitHub/pico-sdk/src/rp2_common/pico_double/double_aeabi_rp2040.S.o
                0x10001aa4                __wrap___aeabi_dcmplt
 .text.__wrap___aeabi_dcmple
                0x10001ab0       0x10 CMakeFiles/HW2.dir/Users/annalee/Documents/GitHub/pico-sdk/src/rp2_common/pico_double/double_aeabi_rp2040.S.o
                0x10001ab0                __wrap___aeabi_dcmple
 .text.__wrap___aeabi_dcmpge
                0x10001ac0       0x10 CMakeFiles/HW2.dir/Users/annalee/Documents/GitHub/pico-sdk/src/rp2_common/pico_double/double_aeabi_rp2040.S.o
                0x10001ac0                __wrap___aeabi_dcmpge
 .text.__wrap___aeabi_dcmpgt
                0x10001ad0        0xa CMakeFiles/HW2.dir/Users/annalee/Documents/GitHub/pico-sdk/src/rp2_common/pico_double/double_aeabi_rp2040.S.o
                0x10001ad0                __wrap___aeabi_dcmpgt
 .text.__wrap___aeabi_dcmpun
                0x10001ada       0x18 CMakeFiles/HW2.dir/Users/annalee/Documents/GitHub/pico-sdk/src/rp2_common/pico_double/double_aeabi_rp2040.S.o
                0x10001ada                __wrap___aeabi_dcmpun
 *fill*         0x10001af2        0x2 
 .text.__wrap___aeabi_i2d
                0x10001af4       0x38 CMakeFiles/HW2.dir/Users/annalee/Documents/GitHub/pico-sdk/src/rp2_common/pico_double/double_aeabi_rp2040.S.o
                0x10001af4                __wrap___aeabi_ui2d
                0x10001af4                uint2double
                0x10001afc                __wrap___aeabi_i2d
                0x10001afc                int2double
 .text.__wrap___aeabi_d2iz
                0x10001b2c       0x48 CMakeFiles/HW2.dir/Users/annalee/Documents/GitHub/pico-sdk/src/rp2_common/pico_double/double_aeabi_rp2040.S.o
                0x10001b2c                __wrap___aeabi_d2iz
                0x10001b2c                double2int_z
 .text.__wrap___aeabi_d2uiz
                0x10001b74       0x18 CMakeFiles/HW2.dir/Users/annalee/Documents/GitHub/pico-sdk/src/rp2_common/pico_double/double_aeabi_rp2040.S.o
                0x10001b74                double2uint_z
                0x10001b74                double2uint
                0x10001b74                __wrap___aeabi_d2uiz
 .text.__aeabi_double_init
                0x10001b8c       0xa4 CMakeFiles/HW2.dir/Users/annalee/Documents/GitHub/pico-sdk/src/rp2_common/pico_double/double_init_rom_rp2040.c.o
                0x10001b8c                __aeabi_double_init
 .text.double_table_shim_on_use_helper
                0x10001c30       0x2c CMakeFiles/HW2.dir/Users/annalee/Documents/GitHub/pico-sdk/src/rp2_common/pico_double/double_v1_rom_shim_rp2040.S.o
                0x10001c30                double_table_shim_on_use_helper
 .text.__wrap___aeabi_dsub
                0x10001c5c       0x10 CMakeFiles/HW2.dir/Users/annalee/Documents/GitHub/pico-sdk/src/rp2_common/pico_double/double_v1_rom_shim_rp2040.S.o
                0x10001c5c                drsub_shim
                0x10001c62                dsub_shim
 .text.dadd_shim
                0x10001c6c      0x15c CMakeFiles/HW2.dir/Users/annalee/Documents/GitHub/pico-sdk/src/rp2_common/pico_double/double_v1_rom_shim_rp2040.S.o
                0x10001c6c                dadd_shim
 .text.dmul_shim
                0x10001dc8      0x15c CMakeFiles/HW2.dir/Users/annalee/Documents/GitHub/pico-sdk/src/rp2_common/pico_double/double_v1_rom_shim_rp2040.S.o
                0x10001dc8                dmul_shim
 .text.ddiv_shim
                0x10001f24      0x1b0 CMakeFiles/HW2.dir/Users/annalee/Documents/GitHub/pico-sdk/src/rp2_common/pico_double/double_v1_rom_shim_rp2040.S.o
                0x10001f24                ddiv_shim
 .text.double2uint_shim
                0x100020d4        0xe CMakeFiles/HW2.dir/Users/annalee/Documents/GitHub/pico-sdk/src/rp2_common/pico_double/double_v1_rom_shim_rp2040.S.o
                0x100020d4                double2uint_shim
                0x100020d6                double2ufix_shim
 *fill*         0x100020e2        0x2 
 .text.double2uint64_shim
                0x100020e4       0x70 CMakeFiles/HW2.dir/Users/annalee/Documents/GitHub/pico-sdk/src/rp2_common/pico_double/double_v1_rom_shim_rp2040.S.o
                0x100020e4                double2uint64_shim
                0x100020e6                double2ufix64_shim
                0x10002106                d2fix_a
 .text.dunpacks
                0x10002154       0x3c CMakeFiles/HW2.dir/Users/annalee/Documents/GitHub/pico-sdk/src/rp2_common/pico_double/double_v1_rom_shim_rp2040.S.o
                0x10002154                dunpacks
 .text.__aeabi_lmul
                0x10002190       0x32 CMakeFiles/HW2.dir/Users/annalee/Documents/GitHub/pico-sdk/src/rp2_common/pico_int64_ops/pico_int64_ops_aeabi.S.o
                0x10002190                __wrap___aeabi_lmul
 *fill*         0x100021c2        0x2 
 .text.__wrap___aeabi_farithmetic
                0x100021c4       0x48 CMakeFiles/HW2.dir/Users/annalee/Documents/GitHub/pico-sdk/src/rp2_common/pico_float/float_aeabi_rp2040.S.o
                0x100021c4                __wrap___aeabi_frsub
                0x100021ca                __wrap___aeabi_fsub
                0x100021d0                __wrap___aeabi_fadd
                0x100021d6                __wrap___aeabi_fdiv
                0x100021fe                __wrap___aeabi_fmul
 .text.__wrap___aeabi_cfcmple
                0x1000220c       0x50 CMakeFiles/HW2.dir/Users/annalee/Documents/GitHub/pico-sdk/src/rp2_common/pico_float/float_aeabi_rp2040.S.o
                0x1000220c                __wrap___aeabi_cfrcmple
                0x10002218                __wrap___aeabi_cfcmpeq
                0x10002218                __wrap___aeabi_cfcmple
 .text.__wrap___aeabi_fcmplt
                0x1000225c        0xc CMakeFiles/HW2.dir/Users/annalee/Documents/GitHub/pico-sdk/src/rp2_common/pico_float/float_aeabi_rp2040.S.o
                0x1000225c                __wrap___aeabi_fcmplt
 .text.__wrap___aeabi_fcmpgt
                0x10002268        0xa CMakeFiles/HW2.dir/Users/annalee/Documents/GitHub/pico-sdk/src/rp2_common/pico_float/float_aeabi_rp2040.S.o
                0x10002268                __wrap___aeabi_fcmpgt
 .text.__wrap___aeabi_ui2f
                0x10002272        0xa CMakeFiles/HW2.dir/Users/annalee/Documents/GitHub/pico-sdk/src/rp2_common/pico_float/float_aeabi_rp2040.S.o
                0x10002272                uint2float
                0x10002272                __wrap___aeabi_ui2f
 .text.__wrap___aeabi_i2f
                0x1000227c       0x44 CMakeFiles/HW2.dir/Users/annalee/Documents/GitHub/pico-sdk/src/rp2_common/pico_float/float_aeabi_rp2040.S.o
                0x1000227c                int2float
                0x1000227c                __wrap___aeabi_i2f
 .text.__wrap___aeabi_f2uiz
                0x100022c0        0xc CMakeFiles/HW2.dir/Users/annalee/Documents/GitHub/pico-sdk/src/rp2_common/pico_float/float_aeabi_rp2040.S.o
                0x100022c0                float2uint
                0x100022c0                float2uint_z
                0x100022c0                __wrap___aeabi_f2uiz
 .text.__wrap___aeabi_f2d
                0x100022cc       0x14 CMakeFiles/HW2.dir/Users/annalee/Documents/GitHub/pico-sdk/src/rp2_common/pico_float/float_aeabi_rp2040.S.o
                0x100022cc                __wrap___aeabi_f2d
 .text.__aeabi_float_init
                0x100022e0       0x68 CMakeFiles/HW2.dir/Users/annalee/Documents/GitHub/pico-sdk/src/rp2_common/pico_float/float_init_rom_rp2040.c.o
                0x100022e0                __aeabi_float_init
 .text.float_table_shim_on_use_helper
                0x10002348       0x2c CMakeFiles/HW2.dir/Users/annalee/Documents/GitHub/pico-sdk/src/rp2_common/pico_float/float_v1_rom_shim_rp2040.S.o
                0x10002348                float_table_shim_on_use_helper
 .text.float2double_shim
                0x10002374       0x30 CMakeFiles/HW2.dir/Users/annalee/Documents/GitHub/pico-sdk/src/rp2_common/pico_float/float_v1_rom_shim_rp2040.S.o
                0x10002374                float2double_shim
 .text          0x100023a4       0x10 CMakeFiles/HW2.dir/Users/annalee/Documents/GitHub/pico-sdk/src/rp2_common/pico_mem_ops/mem_ops_aeabi.S.o
                0x100023a4                __aeabi_mem_init
 .text.memcpy   0x100023b4        0xc CMakeFiles/HW2.dir/Users/annalee/Documents/GitHub/pico-sdk/src/rp2_common/pico_mem_ops/mem_ops_aeabi.S.o
                0x100023b4                __wrap___aeabi_memcpy
                0x100023b4                __wrap_memcpy
 .text._out_null
                0x100023c0        0x4 CMakeFiles/HW2.dir/Users/annalee/Documents/GitHub/pico-sdk/src/rp2_common/pico_printf/printf.c.o
 .text._out_rev
                0x100023c4       0xa8 CMakeFiles/HW2.dir/Users/annalee/Documents/GitHub/pico-sdk/src/rp2_common/pico_printf/printf.c.o
 .text._ntoa_format
                0x1000246c      0x1d8 CMakeFiles/HW2.dir/Users/annalee/Documents/GitHub/pico-sdk/src/rp2_common/pico_printf/printf.c.o
 .text._out_char
                0x10002644       0x10 CMakeFiles/HW2.dir/Users/annalee/Documents/GitHub/pico-sdk/src/rp2_common/pico_printf/printf.c.o
 .text._out_fct
                0x10002654       0x10 CMakeFiles/HW2.dir/Users/annalee/Documents/GitHub/pico-sdk/src/rp2_common/pico_printf/printf.c.o
 .text._ftoa    0x10002664      0x474 CMakeFiles/HW2.dir/Users/annalee/Documents/GitHub/pico-sdk/src/rp2_common/pico_printf/printf.c.o
 .text._etoa    0x10002ad8      0x560 CMakeFiles/HW2.dir/Users/annalee/Documents/GitHub/pico-sdk/src/rp2_common/pico_printf/printf.c.o
 .text._vsnprintf
                0x10003038      0xab8 CMakeFiles/HW2.dir/Users/annalee/Documents/GitHub/pico-sdk/src/rp2_common/pico_printf/printf.c.o
 .text.vfctprintf
                0x10003af0       0x20 CMakeFiles/HW2.dir/Users/annalee/Documents/GitHub/pico-sdk/src/rp2_common/pico_printf/printf.c.o
                0x10003af0                vfctprintf
 .text.weak_raw_vprintf
                0x10003b10       0x30 CMakeFiles/HW2.dir/Users/annalee/Documents/GitHub/pico-sdk/src/rp2_common/pico_printf/printf.c.o
                0x10003b10                weak_raw_vprintf
 .text._exit    0x10003b40        0x4 CMakeFiles/HW2.dir/Users/annalee/Documents/GitHub/pico-sdk/src/rp2_common/pico_clib_interface/newlib_interface.c.o
                0x10003b40                _exit
 .text.exit     0x10003b44        0x8 CMakeFiles/HW2.dir/Users/annalee/Documents/GitHub/pico-sdk/src/rp2_common/pico_clib_interface/newlib_interface.c.o
                0x10003b44                exit
 .text.runtime_init
                0x10003b4c       0x2c CMakeFiles/HW2.dir/Users/annalee/Documents/GitHub/pico-sdk/src/rp2_common/pico_clib_interface/newlib_interface.c.o
                0x10003b4c                runtime_init
 .text.stdio_out_chars_no_crlf
                0x10003b78       0x10 CMakeFiles/HW2.dir/Users/annalee/Documents/GitHub/pico-sdk/src/rp2_common/pico_stdio/stdio.c.o
 .text.stdio_out_chars_crlf
                0x10003b88       0x90 CMakeFiles/HW2.dir/Users/annalee/Documents/GitHub/pico-sdk/src/rp2_common/pico_stdio/stdio.c.o
 .text.stdio_buffered_printer
                0x10003c18       0x64 CMakeFiles/HW2.dir/Users/annalee/Documents/GitHub/pico-sdk/src/rp2_common/pico_stdio/stdio.c.o
 .text.stdio_put_string
                0x10003c7c       0xf4 CMakeFiles/HW2.dir/Users/annalee/Documents/GitHub/pico-sdk/src/rp2_common/pico_stdio/stdio.c.o
                0x10003c7c                stdio_put_string
 .text.stdio_init_all
                0x10003d70        0x4 CMakeFiles/HW2.dir/Users/annalee/Documents/GitHub/pico-sdk/src/rp2_common/pico_stdio/stdio.c.o
                0x10003d70                stdio_init_all
 .text.__wrap_putchar
                0x10003d74       0x94 CMakeFiles/HW2.dir/Users/annalee/Documents/GitHub/pico-sdk/src/rp2_common/pico_stdio/stdio.c.o
                0x10003d74                stdio_putchar
                0x10003d74                __wrap_putchar
 .text.__wrap_puts
                0x10003e08       0x3c CMakeFiles/HW2.dir/Users/annalee/Documents/GitHub/pico-sdk/src/rp2_common/pico_stdio/stdio.c.o
                0x10003e08                __wrap_puts
                0x10003e08                stdio_puts
 .text.__wrap_vprintf
                0x10003e44       0xc8 CMakeFiles/HW2.dir/Users/annalee/Documents/GitHub/pico-sdk/src/rp2_common/pico_stdio/stdio.c.o
                0x10003e44                __wrap_vprintf
                0x10003e44                stdio_vprintf
 .text.__wrap_printf
                0x10003f0c       0x18 CMakeFiles/HW2.dir/Users/annalee/Documents/GitHub/pico-sdk/src/rp2_common/pico_stdio/stdio.c.o
                0x10003f0c                stdio_printf
                0x10003f0c                __wrap_printf
 .text.adc_init
                0x10003f24       0x38 CMakeFiles/HW2.dir/Users/annalee/Documents/GitHub/pico-sdk/src/rp2_common/hardware_adc/adc.c.o
                0x10003f24                adc_init
 .text.strlen   0x10003f5c       0x60 /Applications/ArmGNUToolchain/15.2.rel1/arm-none-eabi/bin/../lib/gcc/arm-none-eabi/15.2.1/../../../../arm-none-eabi/lib/thumb/v6-m/nofp/libg.a(libc_a-strlen-stub.o)
                0x10003f5c                strlen
 *(.fini)
 .fini          0x10003fbc        0x4 /Applications/ArmGNUToolchain/15.2.rel1/arm-none-eabi/bin/../lib/gcc/arm-none-eabi/15.2.1/thumb/v6-m/nofp/crti.o
                0x10003fbc                _fini
 .fini.__stub   0x10003fc0       0x40 linker stubs
 *crtbegin.o(.ctors)
 *crtbegin?.o(.ctors)
 *(EXCLUDE_FILE(*crtend.o *crtend?.o) .ctors)
 *(SORT_BY_NAME(.ctors.*))
 *(.ctors)
 *crtbegin.o(.dtors)
 *crtbegin?.o(.dtors)
 *(EXCLUDE_FILE(*crtend.o *crtend?.o) .dtors)
 *(SORT_BY_NAME(.dtors.*))
 *(.dtors)
                0x10004000                        . = ALIGN (0x4)
                0x10004000                        PROVIDE (__preinit_array_start = .)
 *(SORT_BY_NAME(.preinit_array.*))
 .preinit_array.00100
                0x10004000        0x4 CMakeFiles/HW2.dir/Users/annalee/Documents/GitHub/pico-sdk/src/rp2_common/pico_runtime_init/runtime_init.c.o
                0x10004000                __pre_init_runtime_init_early_resets
 .preinit_array.00101
                0x10004004        0x4 CMakeFiles/HW2.dir/Users/annalee/Documents/GitHub/pico-sdk/src/rp2_common/pico_runtime_init/runtime_init.c.o
                0x10004004                __pre_init_runtime_init_usb_power_down
 .preinit_array.00275
                0x10004008        0x4 CMakeFiles/HW2.dir/Users/annalee/Documents/GitHub/pico-sdk/src/rp2_common/pico_bit_ops/bit_ops_aeabi.S.o
 .preinit_array.00300
                0x1000400c        0x4 CMakeFiles/HW2.dir/Users/annalee/Documents/GitHub/pico-sdk/src/rp2_common/pico_mem_ops/mem_ops_aeabi.S.o
 .preinit_array.00350
                0x10004010        0x4 CMakeFiles/HW2.dir/Users/annalee/Documents/GitHub/pico-sdk/src/rp2_common/pico_double/double_aeabi_rp2040.S.o
 .preinit_array.00350
                0x10004014        0x4 CMakeFiles/HW2.dir/Users/annalee/Documents/GitHub/pico-sdk/src/rp2_common/pico_float/float_aeabi_rp2040.S.o
 .preinit_array.00500
                0x10004018        0x4 CMakeFiles/HW2.dir/Users/annalee/Documents/GitHub/pico-sdk/src/rp2_common/pico_runtime_init/runtime_init.c.o
                0x10004018                __pre_init_runtime_init_clocks
 .preinit_array.00600
                0x1000401c        0x4 CMakeFiles/HW2.dir/Users/annalee/Documents/GitHub/pico-sdk/src/rp2_common/pico_runtime_init/runtime_init.c.o
                0x1000401c                __pre_init_runtime_init_post_clock_resets
 .preinit_array.00700
                0x10004020        0x4 CMakeFiles/HW2.dir/Users/annalee/Documents/GitHub/pico-sdk/src/rp2_common/pico_runtime_init/runtime_init.c.o
                0x10004020                __pre_init_runtime_init_rp2040_gpio_ie_disable
 .preinit_array.01000
                0x10004024        0x4 CMakeFiles/HW2.dir/Users/annalee/Documents/GitHub/pico-sdk/src/rp2_common/pico_runtime_init/runtime_init.c.o
                0x10004024                __pre_init_runtime_init_spin_locks_reset
 .preinit_array.01100
                0x10004028        0x4 CMakeFiles/HW2.dir/Users/annalee/Documents/GitHub/pico-sdk/src/common/pico_sync/mutex.c.o
                0x10004028                __pre_init_runtime_init_mutex
 .preinit_array.10080
                0x1000402c        0x4 CMakeFiles/HW2.dir/Users/annalee/Documents/GitHub/pico-sdk/src/rp2_common/pico_runtime_init/runtime_init.c.o
                0x1000402c                __pre_init_runtime_init_install_ram_vector_table
 .preinit_array.11000
                0x10004030        0x4 CMakeFiles/HW2.dir/Users/annalee/Documents/GitHub/pico-sdk/src/common/pico_time/time.c.o
                0x10004030                __pre_init_runtime_init_default_alarm_pool
 .preinit_array.YYYYY
                0x10004034        0x4 CMakeFiles/HW2.dir/Users/annalee/Documents/GitHub/pico-sdk/src/rp2_common/pico_runtime/runtime.c.o
                0x10004034                __pre_init_first_per_core_initializer
 .preinit_array.ZZZZZ.01200
                0x10004038        0x4 CMakeFiles/HW2.dir/Users/annalee/Documents/GitHub/pico-sdk/src/rp2_common/hardware_irq/irq.c.o
                0x10004038                __pre_init_runtime_init_per_core_irq_priorities
 *(.preinit_array)
                0x1000403c                        PROVIDE (__preinit_array_end = .)
                0x1000403c                        . = ALIGN (0x4)
                0x1000403c                        PROVIDE (__init_array_start = .)
 *(SORT_BY_NAME(.init_array.*))
 *(.init_array)
 .init_array    0x1000403c        0x4 /Applications/ArmGNUToolchain/15.2.rel1/arm-none-eabi/bin/../lib/gcc/arm-none-eabi/15.2.1/thumb/v6-m/nofp/crtbegin.o
                0x10004040                        PROVIDE (__init_array_end = .)
                0x10004040                        . = ALIGN (0x4)
                [!provide]                        PROVIDE (__fini_array_start = .)
 *(SORT_BY_NAME(.fini_array.*))
 *(.fini_array)
                [!provide]                        PROVIDE (__fini_array_end = .)
 *(.eh_frame*)
 .eh_frame      0x10004040        0x0 /Applications/ArmGNUToolchain/15.2.rel1/arm-none-eabi/bin/../lib/gcc/arm-none-eabi/15.2.1/thumb/v6-m/nofp/crtbegin.o
                0x10004040                        . = ALIGN (0x4)

.glue_7         0x10004040        0x0
 .glue_7        0x10004040        0x0 linker stubs

.glue_7t        0x10004040        0x0
 .glue_7t       0x10004040        0x0 linker stubs

.vfp11_veneer   0x10004040        0x0
 .vfp11_veneer  0x10004040        0x0 linker stubs

.v4_bx          0x10004040        0x0
 .v4_bx         0x10004040        0x0 linker stubs

.iplt           0x10004040        0x0
 .iplt          0x10004040        0x0 /Applications/ArmGNUToolchain/15.2.rel1/arm-none-eabi/bin/../lib/gcc/arm-none-eabi/15.2.1/thumb/v6-m/nofp/crtbegin.o

.rodata         0x10004040      0x2e4
 *(EXCLUDE_FILE(*libm.a: *libc.a:*lib_a-mem*.o *libgcc.a:) .rodata*)
 .rodata.timer_interrupt_function.str1.4
                0x10004040       0x99 CMakeFiles/HW2.dir/main.c.o
                                  0x5 (size before relaxing)
 .rodata.panic.str1.4
                0x100040d9        0x0 CMakeFiles/HW2.dir/Users/annalee/Documents/GitHub/pico-sdk/src/rp2_common/pico_platform_panic/panic.c.o
                                 0x12 (size before relaxing)
 .rodata.timer_hardware_alarm_claim.str1.4
                0x100040d9        0x0 CMakeFiles/HW2.dir/Users/annalee/Documents/GitHub/pico-sdk/src/rp2_common/hardware_timer/timer.c.o
                                 0x22 (size before relaxing)
 .rodata.hard_assertion_failure.str1.4
                0x100040d9        0x0 CMakeFiles/HW2.dir/Users/annalee/Documents/GitHub/pico-sdk/src/rp2_common/pico_runtime/runtime.c.o
                                  0xc (size before relaxing)
 .rodata.str1.4
                0x100040d9        0x0 CMakeFiles/HW2.dir/Users/annalee/Documents/GitHub/pico-sdk/src/rp2_common/pico_standard_binary_info/standard_binary_info.c.o
                                 0x38 (size before relaxing)
 *fill*         0x100040d9        0x3 
 .rodata.__bi_84
                0x100040dc        0xc CMakeFiles/HW2.dir/Users/annalee/Documents/GitHub/pico-sdk/src/rp2_common/pico_standard_binary_info/standard_binary_info.c.o
 .rodata.__bi_78
                0x100040e8        0xc CMakeFiles/HW2.dir/Users/annalee/Documents/GitHub/pico-sdk/src/rp2_common/pico_standard_binary_info/standard_binary_info.c.o
 .rodata.__bi_54
                0x100040f4        0xc CMakeFiles/HW2.dir/Users/annalee/Documents/GitHub/pico-sdk/src/rp2_common/pico_standard_binary_info/standard_binary_info.c.o
 .rodata.__bi_48
                0x10004100        0xc CMakeFiles/HW2.dir/Users/annalee/Documents/GitHub/pico-sdk/src/rp2_common/pico_standard_binary_info/standard_binary_info.c.o
 .rodata.__bi_42
                0x1000410c        0xc CMakeFiles/HW2.dir/Users/annalee/Documents/GitHub/pico-sdk/src/rp2_common/pico_standard_binary_info/standard_binary_info.c.o
 .rodata.__bi_34
                0x10004118        0xc CMakeFiles/HW2.dir/Users/annalee/Documents/GitHub/pico-sdk/src/rp2_common/pico_standard_binary_info/standard_binary_info.c.o
 .rodata.__bi_26
                0x10004124        0xc CMakeFiles/HW2.dir/Users/annalee/Documents/GitHub/pico-sdk/src/rp2_common/pico_standard_binary_info/standard_binary_info.c.o
 .rodata._ftoa.str1.4
                0x10004130        0x0 CMakeFiles/HW2.dir/Users/annalee/Documents/GitHub/pico-sdk/src/rp2_common/pico_printf/printf.c.o
                                 0x15 (size before relaxing)
 .rodata._vsnprintf
                0x10004130      0x19c CMakeFiles/HW2.dir/Users/annalee/Documents/GitHub/pico-sdk/src/rp2_common/pico_printf/printf.c.o
 *fill*         0x100042cc        0x4 
 .rodata.pow10.0
                0x100042d0       0x50 CMakeFiles/HW2.dir/Users/annalee/Documents/GitHub/pico-sdk/src/rp2_common/pico_printf/printf.c.o
 .rodata.crlf_str.0
                0x10004320        0x2 CMakeFiles/HW2.dir/Users/annalee/Documents/GitHub/pico-sdk/src/rp2_common/pico_stdio/stdio.c.o
                0x10004324                        . = ALIGN (0x4)
 *fill*         0x10004322        0x2 
 *(SORT_BY_ALIGNMENT(SORT_BY_NAME(.flashdata*)))
                0x10004324                        . = ALIGN (0x4)

.ARM.extab
 *(.ARM.extab* .gnu.linkonce.armextab.*)
                0x10004324                        __exidx_start = .

.ARM.exidx
 *(.ARM.exidx* .gnu.linkonce.armexidx.*)
                0x10004324                        __exidx_end = .
                0x10004324                        . = ALIGN (0x4)
                0x10004324                        __binary_info_start = .

.binary_info    0x10004324       0x1c
 *(.binary_info.keep.*)
 .binary_info.keep.__bi_ptr84
                0x10004324        0x4 CMakeFiles/HW2.dir/Users/annalee/Documents/GitHub/pico-sdk/src/rp2_common/pico_standard_binary_info/standard_binary_info.c.o
 .binary_info.keep.__bi_ptr78
                0x10004328        0x4 CMakeFiles/HW2.dir/Users/annalee/Documents/GitHub/pico-sdk/src/rp2_common/pico_standard_binary_info/standard_binary_info.c.o
 .binary_info.keep.__bi_ptr54
                0x1000432c        0x4 CMakeFiles/HW2.dir/Users/annalee/Documents/GitHub/pico-sdk/src/rp2_common/pico_standard_binary_info/standard_binary_info.c.o
 .binary_info.keep.__bi_ptr48
                0x10004330        0x4 CMakeFiles/HW2.dir/Users/annalee/Documents/GitHub/pico-sdk/src/rp2_common/pico_standard_binary_info/standard_binary_info.c.o
 .binary_info.keep.__bi_ptr42
                0x10004334        0x4 CMakeFiles/HW2.dir/Users/annalee/Documents/GitHub/pico-sdk/src/rp2_common/pico_standard_binary_info/standard_binary_info.c.o
 .binary_info.keep.__bi_ptr34
                0x10004338        0x4 CMakeFiles/HW2.dir/Users/annalee/Documents/GitHub/pico-sdk/src/rp2_common/pico_standard_binary_info/standard_binary_info.c.o
 .binary_info.keep.__bi_ptr26
                0x1000433c        0x4 CMakeFiles/HW2.dir/Users/annalee/Documents/GitHub/pico-sdk/src/rp2_common/pico_standard_binary_info/standard_binary_info.c.o
 *(.binary_info.*)
                0x10004340                        __binary_info_end = .
                0x10004340                        . = ALIGN (0x4)

.ram_vector_table
                0x20000000       0xc0
 *(.ram_vector_table)
 .ram_vector_table
                0x20000000       0xc0 CMakeFiles/HW2.dir/Users/annalee/Documents/GitHub/pico-sdk/src/rp2_common/pico_runtime_init/runtime_init.c.o
                0x20000000                ram_vector_table

.uninitialized_data
                0x200000c0        0x0
                0x200000c0                        . = ALIGN (0x4)
 *(.uninitialized_data*)

.data           0x200000c0      0x128 load address 0x10004340
                0x200000c0                        __data_start__ = .
 *(vtable)
 *(.time_critical*)
 .time_critical.mutex_try_enter_block_until
                0x200000c0       0x98 CMakeFiles/HW2.dir/Users/annalee/Documents/GitHub/pico-sdk/src/common/pico_sync/mutex.c.o
                0x200000c0                mutex_try_enter_block_until
 .time_critical.mutex_exit
                0x20000158       0x28 CMakeFiles/HW2.dir/Users/annalee/Documents/GitHub/pico-sdk/src/common/pico_sync/mutex.c.o
                0x20000158                mutex_exit
 *(.text*)
 .text          0x20000180        0x4 /Applications/ArmGNUToolchain/15.2.rel1/arm-none-eabi/bin/../lib/gcc/arm-none-eabi/15.2.1/thumb/v6-m/nofp/libgcc.a(_dvmd_tls.o)
                0x20000180                __aeabi_ldiv0
                0x20000180                __aeabi_idiv0
 *fill*         0x20000184        0x4 
 .text.__stub   0x20000188       0x10 linker stubs
                0x20000198                        . = ALIGN (0x4)
 *(.rodata*)
                0x20000198                        . = ALIGN (0x4)
 *(.data*)
 .data.striped_spin_lock_num
                0x20000198        0x1 CMakeFiles/HW2.dir/Users/annalee/Documents/GitHub/pico-sdk/src/rp2_common/hardware_sync/sync.c.o
 *fill*         0x20000199        0x3 
 .data.default_alarm_pool
                0x2000019c       0x18 CMakeFiles/HW2.dir/Users/annalee/Documents/GitHub/pico-sdk/src/common/pico_time/time.c.o
 *fill*         0x200001b4        0xc 
 .data.aeabi_bits_funcs
                0x200001c0       0x10 CMakeFiles/HW2.dir/Users/annalee/Documents/GitHub/pico-sdk/src/rp2_common/pico_bit_ops/bit_ops_aeabi.S.o
                0x200001c0                aeabi_bits_funcs
                0x200001d0                aeabi_bits_funcs_end
 .data.aeabi_mem_funcs
                0x200001d0       0x10 CMakeFiles/HW2.dir/Users/annalee/Documents/GitHub/pico-sdk/src/rp2_common/pico_mem_ops/mem_ops_aeabi.S.o
                0x200001d0                aeabi_mem_funcs
                0x200001e0                aeabi_mem_funcs_end
                0x200001e0                        . = ALIGN (0x4)
 *(.after_data.*)
                0x200001e0                        . = ALIGN (0x4)
                0x200001e0                        PROVIDE (__mutex_array_start = .)
 *(SORT_BY_NAME(.mutex_array.*))
 *(.mutex_array)
 .mutex_array   0x200001e0        0x8 CMakeFiles/HW2.dir/Users/annalee/Documents/GitHub/pico-sdk/src/rp2_common/pico_stdio/stdio.c.o
                0x200001e8                        PROVIDE (__mutex_array_end = .)
                0x200001e8                        . = ALIGN (0x4)
 *(.jcr)
                0x200001e8                        . = ALIGN (0x4)

.tm_clone_table
                0x200001e8        0x0 load address 0x10004468
 .tm_clone_table
                0x200001e8        0x0 /Applications/ArmGNUToolchain/15.2.rel1/arm-none-eabi/bin/../lib/gcc/arm-none-eabi/15.2.1/thumb/v6-m/nofp/crtbegin.o
 .tm_clone_table
                0x200001e8        0x0 /Applications/ArmGNUToolchain/15.2.rel1/arm-none-eabi/bin/../lib/gcc/arm-none-eabi/15.2.1/thumb/v6-m/nofp/crtend.o

.igot.plt       0x200001e8        0x0 load address 0x10004468
 .igot.plt      0x200001e8        0x0 /Applications/ArmGNUToolchain/15.2.rel1/arm-none-eabi/bin/../lib/gcc/arm-none-eabi/15.2.1/thumb/v6-m/nofp/crtbegin.o

.tdata          0x200001e8        0x0 load address 0x10004468
                0x200001e8                        . = ALIGN (0x4)
 *(.tdata .tdata.* .gnu.linkonce.td.*)
                0x200001e8                        __tdata_end = .
                0x200001e8                        PROVIDE (__data_end__ = .)
                0x10004340                        __etext = LOADADDR (.data)

.tbss           0x200001e8        0x0 load address 0x10004468
                0x200001e8                        . = ALIGN (0x4)
                0x200001e8                        __bss_start__ = .
                0x200001e8                        __tls_base = .
 *(.tbss .tbss.* .gnu.linkonce.tb.*)
 *(.tcommon)
                0x200001e8                        __tls_end = .

.bss            0x200001e8      0x3e8 load address 0x10004468
                0x200001e8                        . = ALIGN (0x4)
                0x200001e8                        __tbss_end = .
 *(SORT_BY_ALIGNMENT(SORT_BY_NAME(.bss*)))
 .bss.default_alarm_pool_entries
                0x200001e8      0x180 CMakeFiles/HW2.dir/Users/annalee/Documents/GitHub/pico-sdk/src/common/pico_time/time.c.o
 .bss.sd_table  0x20000368      0x100 CMakeFiles/HW2.dir/Users/annalee/Documents/GitHub/pico-sdk/src/rp2_common/pico_double/double_init_rom_rp2040.c.o
                0x20000368                sd_table
 .bss.sf_table  0x20000468      0x100 CMakeFiles/HW2.dir/Users/annalee/Documents/GitHub/pico-sdk/src/rp2_common/pico_float/float_init_rom_rp2040.c.o
                0x20000468                sf_table
 .bss.claimed   0x20000568        0x1 CMakeFiles/HW2.dir/Users/annalee/Documents/GitHub/pico-sdk/src/rp2_common/hardware_timer/timer.c.o
 *fill*         0x20000569        0x3 
 .bss.configured_freq
                0x2000056c       0x28 CMakeFiles/HW2.dir/Users/annalee/Documents/GitHub/pico-sdk/src/rp2_common/hardware_clocks/clocks.c.o
 .bss.drivers   0x20000594        0x4 CMakeFiles/HW2.dir/Users/annalee/Documents/GitHub/pico-sdk/src/rp2_common/pico_stdio/stdio.c.o
 .bss.filter    0x20000598        0x4 CMakeFiles/HW2.dir/Users/annalee/Documents/GitHub/pico-sdk/src/rp2_common/pico_stdio/stdio.c.o
 .bss.lazy_vsnprintf
                0x2000059c        0x4 CMakeFiles/HW2.dir/Users/annalee/Documents/GitHub/pico-sdk/src/rp2_common/pico_printf/printf.c.o
 .bss.object.0  0x200005a0       0x18 /Applications/ArmGNUToolchain/15.2.rel1/arm-none-eabi/bin/../lib/gcc/arm-none-eabi/15.2.1/thumb/v6-m/nofp/crtbegin.o
 .bss.pools     0x200005b8       0x10 CMakeFiles/HW2.dir/Users/annalee/Documents/GitHub/pico-sdk/src/common/pico_time/time.c.o
 .bss.sf_clz_func
                0x200005c8        0x4 CMakeFiles/HW2.dir/Users/annalee/Documents/GitHub/pico-sdk/src/rp2_common/pico_double/double_init_rom_rp2040.c.o
                0x200005c8                sf_clz_func
 .bss.sleep_notifier
                0x200005cc        0x4 CMakeFiles/HW2.dir/Users/annalee/Documents/GitHub/pico-sdk/src/common/pico_time/time.c.o
 *(COMMON)
                0x200005d0                        . = ALIGN (0x4)
                0x200005d0                        __bss_end__ = .

.heap           0x200005d0      0x800 load address 0x10004468
                0x200005d0                        __end__ = .
                0x200005d0                        end = __end__
 *(.heap*)
 .heap          0x200005d0      0x800 CMakeFiles/HW2.dir/Users/annalee/Documents/GitHub/pico-sdk/src/rp2_common/pico_crt0/crt0.S.o
                0x20040000                        __HeapLimit = (ORIGIN (RAM) + LENGTH (RAM))

.scratch_x      0x20040000        0x0 load address 0x10004468
                0x20040000                        __scratch_x_start__ = .
 *(.scratch_x.*)
                0x20040000                        . = ALIGN (0x4)
                0x20040000                        __scratch_x_end__ = .
                0x10004468                        __scratch_x_source__ = LOADADDR (.scratch_x)

.scratch_y      0x20041000        0x0 load address 0x10004468
                0x20041000                        __scratch_y_start__ = .
 *(.scratch_y.*)
                0x20041000                        . = ALIGN (0x4)
                0x20041000                        __scratch_y_end__ = .
                0x10004468                        __scratch_y_source__ = LOADADDR (.scratch_y)

.stack1_dummy
 *(.stack1*)

.stack_dummy    0x20041000      0x800
 *(.stack*)
 .stack         0x20041000      0x800 CMakeFiles/HW2.dir/Users/annalee/Documents/GitHub/pico-sdk/src/rp2_common/pico_crt0/crt0.S.o

.rel.dyn        0x20041800        0x0
 .rel.iplt      0x20041800        0x0 /Applications/ArmGNUToolchain/15.2.rel1/arm-none-eabi/bin/../lib/gcc/arm-none-eabi/15.2.1/thumb/v6-m/nofp/crtbegin.o

.flash_end      0x10004468        0x0
 *(.embedded_end_block*)
                0x10004468                        PROVIDE (__flash_binary_end = .)
                0x20040000                        __StackLimit = (ORIGIN (RAM) + LENGTH (RAM))
                0x20041000                        __StackOneTop = (ORIGIN (SCRATCH_X) + LENGTH (SCRATCH_X))
                0x20042000                        __StackTop = (ORIGIN (SCRATCH_Y) + LENGTH (SCRATCH_Y))
                0x20041000                        __StackOneBottom = (__StackOneTop - SIZEOF (.stack1_dummy))
                0x20041800                        __StackBottom = (__StackTop - SIZEOF (.stack_dummy))
                0x20042000                        PROVIDE (__stack = __StackTop)
                [!provide]                        PROVIDE (__heap_start = __end__)
                [!provide]                        PROVIDE (__heap_end = __HeapLimit)
                [!provide]                        PROVIDE (__tls_align = MAX (ALIGNOF (.tdata), ALIGNOF (.tbss)))
                [!provide]                        PROVIDE (__tls_size_align = (((__tls_size + __tls_align) - 0x1) & ~ ((__tls_align - 0x1))))
                [!provide]                        PROVIDE (__arm32_tls_tcb_offset = MAX (0x8, __tls_align))
                [!provide]                        PROVIDE (_end = __end__)
                [!provide]                        PROVIDE (__llvm_libc_heap_limit = __HeapLimit)
                0x00000001                        ASSERT ((__StackLimit >= __HeapLimit), region RAM overflowed)
                0x00000001                        ASSERT (((__binary_info_header_end - __logical_binary_start) <= 0x100), Binary info must be in first 256 bytes of the binary)
LOAD CMakeFiles/HW2.dir/main.c.o
LOAD CMakeFiles/HW2.dir/Users/annalee/Documents/GitHub/pico-sdk/src/rp2_common/pico_stdlib/stdlib.c.o
LOAD CMakeFiles/HW2.dir/Users/annalee/Documents/GitHub/pico-sdk/src/rp2_common/hardware_gpio/gpio.c.o
LOAD CMakeFiles/HW2.dir/Users/annalee/Documents/GitHub/pico-sdk/src/rp2040/pico_platform/platform.c.o
LOAD CMakeFiles/HW2.dir/Users/annalee/Documents/GitHub/pico-sdk/src/rp2_common/pico_platform_common/common.c.o
LOAD CMakeFiles/HW2.dir/Users/annalee/Documents/GitHub/pico-sdk/src/rp2_common/pico_platform_panic/panic.c.o
LOAD CMakeFiles/HW2.dir/Users/annalee/Documents/GitHub/pico-sdk/src/common/hardware_claim/claim.c.o
LOAD CMakeFiles/HW2.dir/Users/annalee/Documents/GitHub/pico-sdk/src/rp2_common/hardware_sync/sync.c.o
LOAD CMakeFiles/HW2.dir/Users/annalee/Documents/GitHub/pico-sdk/src/rp2_common/hardware_sync_spin_lock/sync_spin_lock.c.o
LOAD CMakeFiles/HW2.dir/Users/annalee/Documents/GitHub/pico-sdk/src/rp2_common/hardware_irq/irq.c.o
LOAD CMakeFiles/HW2.dir/Users/annalee/Documents/GitHub/pico-sdk/src/rp2_common/hardware_irq/irq_handler_chain.S.o
LOAD CMakeFiles/HW2.dir/Users/annalee/Documents/GitHub/pico-sdk/src/common/pico_sync/sem.c.o
LOAD CMakeFiles/HW2.dir/Users/annalee/Documents/GitHub/pico-sdk/src/common/pico_sync/lock_core.c.o
LOAD CMakeFiles/HW2.dir/Users/annalee/Documents/GitHub/pico-sdk/src/common/pico_sync/mutex.c.o
LOAD CMakeFiles/HW2.dir/Users/annalee/Documents/GitHub/pico-sdk/src/common/pico_sync/critical_section.c.o
LOAD CMakeFiles/HW2.dir/Users/annalee/Documents/GitHub/pico-sdk/src/common/pico_time/time.c.o
LOAD CMakeFiles/HW2.dir/Users/annalee/Documents/GitHub/pico-sdk/src/common/pico_time/timeout_helper.c.o
LOAD CMakeFiles/HW2.dir/Users/annalee/Documents/GitHub/pico-sdk/src/rp2_common/hardware_timer/timer.c.o
LOAD CMakeFiles/HW2.dir/Users/annalee/Documents/GitHub/pico-sdk/src/common/pico_util/datetime.c.o
LOAD CMakeFiles/HW2.dir/Users/annalee/Documents/GitHub/pico-sdk/src/common/pico_util/pheap.c.o
LOAD CMakeFiles/HW2.dir/Users/annalee/Documents/GitHub/pico-sdk/src/common/pico_util/queue.c.o
LOAD CMakeFiles/HW2.dir/Users/annalee/Documents/GitHub/pico-sdk/src/rp2_common/hardware_uart/uart.c.o
LOAD CMakeFiles/HW2.dir/Users/annalee/Documents/GitHub/pico-sdk/src/rp2_common/hardware_clocks/clocks.c.o
LOAD CMakeFiles/HW2.dir/Users/annalee/Documents/GitHub/pico-sdk/src/rp2_common/hardware_pll/pll.c.o
LOAD CMakeFiles/HW2.dir/Users/annalee/Documents/GitHub/pico-sdk/src/rp2_common/hardware_vreg/vreg.c.o
LOAD CMakeFiles/HW2.dir/Users/annalee/Documents/GitHub/pico-sdk/src/rp2_common/hardware_watchdog/watchdog.c.o
LOAD CMakeFiles/HW2.dir/Users/annalee/Documents/GitHub/pico-sdk/src/rp2_common/hardware_ticks/ticks.c.o
LOAD CMakeFiles/HW2.dir/Users/annalee/Documents/GitHub/pico-sdk/src/rp2_common/pico_bootrom/bootrom.c.o
LOAD CMakeFiles/HW2.dir/Users/annalee/Documents/GitHub/pico-sdk/src/rp2_common/pico_bootrom/bootrom_lock.c.o
LOAD CMakeFiles/HW2.dir/Users/annalee/Documents/GitHub/pico-sdk/src/rp2_common/hardware_boot_lock/boot_lock.c.o
LOAD CMakeFiles/HW2.dir/Users/annalee/Documents/GitHub/pico-sdk/src/rp2_common/pico_flash/flash.c.o
LOAD CMakeFiles/HW2.dir/Users/annalee/Documents/GitHub/pico-sdk/src/rp2_common/hardware_xosc/xosc.c.o
LOAD CMakeFiles/HW2.dir/Users/annalee/Documents/GitHub/pico-sdk/src/rp2_common/hardware_divider/divider.S.o
LOAD CMakeFiles/HW2.dir/Users/annalee/Documents/GitHub/pico-sdk/src/rp2_common/pico_runtime/runtime.c.o
LOAD CMakeFiles/HW2.dir/Users/annalee/Documents/GitHub/pico-sdk/src/rp2_common/pico_runtime_init/runtime_init.c.o
LOAD CMakeFiles/HW2.dir/Users/annalee/Documents/GitHub/pico-sdk/src/rp2_common/pico_runtime_init/runtime_init_clocks.c.o
LOAD CMakeFiles/HW2.dir/Users/annalee/Documents/GitHub/pico-sdk/src/rp2_common/pico_runtime_init/runtime_init_stack_guard.c.o
LOAD CMakeFiles/HW2.dir/Users/annalee/Documents/GitHub/pico-sdk/src/rp2_common/pico_bit_ops/bit_ops_aeabi.S.o
LOAD CMakeFiles/HW2.dir/Users/annalee/Documents/GitHub/pico-sdk/src/rp2_common/pico_divider/divider_hardware.S.o
LOAD CMakeFiles/HW2.dir/Users/annalee/Documents/GitHub/pico-sdk/src/rp2_common/pico_double/double_aeabi_rp2040.S.o
LOAD CMakeFiles/HW2.dir/Users/annalee/Documents/GitHub/pico-sdk/src/rp2_common/pico_double/double_init_rom_rp2040.c.o
LOAD CMakeFiles/HW2.dir/Users/annalee/Documents/GitHub/pico-sdk/src/rp2_common/pico_double/double_math.c.o
LOAD CMakeFiles/HW2.dir/Users/annalee/Documents/GitHub/pico-sdk/src/rp2_common/pico_double/double_v1_rom_shim_rp2040.S.o
LOAD CMakeFiles/HW2.dir/Users/annalee/Documents/GitHub/pico-sdk/src/rp2_common/pico_int64_ops/pico_int64_ops_aeabi.S.o
LOAD CMakeFiles/HW2.dir/Users/annalee/Documents/GitHub/pico-sdk/src/rp2_common/pico_float/float_aeabi_rp2040.S.o
LOAD CMakeFiles/HW2.dir/Users/annalee/Documents/GitHub/pico-sdk/src/rp2_common/pico_float/float_init_rom_rp2040.c.o
LOAD CMakeFiles/HW2.dir/Users/annalee/Documents/GitHub/pico-sdk/src/rp2_common/pico_float/float_math.c.o
LOAD CMakeFiles/HW2.dir/Users/annalee/Documents/GitHub/pico-sdk/src/rp2_common/pico_float/float_v1_rom_shim_rp2040.S.o
LOAD CMakeFiles/HW2.dir/Users/annalee/Documents/GitHub/pico-sdk/src/rp2_common/pico_malloc/malloc.c.o
LOAD CMakeFiles/HW2.dir/Users/annalee/Documents/GitHub/pico-sdk/src/rp2_common/pico_mem_ops/mem_ops_aeabi.S.o
LOAD CMakeFiles/HW2.dir/Users/annalee/Documents/GitHub/pico-sdk/src/rp2_common/pico_atomic/atomic.c.o
LOAD CMakeFiles/HW2.dir/Users/annalee/Documents/GitHub/pico-sdk/src/rp2_common/pico_cxx_options/new_delete.cpp.o
LOAD CMakeFiles/HW2.dir/Users/annalee/Documents/GitHub/pico-sdk/src/rp2_common/pico_standard_binary_info/standard_binary_info.c.o
LOAD CMakeFiles/HW2.dir/Users/annalee/Documents/GitHub/pico-sdk/src/rp2_common/pico_printf/printf.c.o
LOAD CMakeFiles/HW2.dir/Users/annalee/Documents/GitHub/pico-sdk/src/rp2_common/pico_crt0/crt0.S.o
LOAD CMakeFiles/HW2.dir/Users/annalee/Documents/GitHub/pico-sdk/src/rp2_common/pico_clib_interface/newlib_interface.c.o
LOAD CMakeFiles/HW2.dir/Users/annalee/Documents/GitHub/pico-sdk/src/rp2_common/pico_stdio/stdio.c.o
LOAD CMakeFiles/HW2.dir/Users/annalee/Documents/GitHub/pico-sdk/src/rp2_common/hardware_adc/adc.c.o
LOAD pico-sdk/src/rp2040/boot_stage2/CMakeFiles/bs2_default_library.dir/./bs2_default_padded_checksummed.S.o
LOAD /Applications/ArmGNUToolchain/15.2.rel1/arm-none-eabi/bin/../lib/gcc/arm-none-eabi/15.2.1/../../../../arm-none-eabi/lib/thumb/v6-m/nofp/libstdc++.a
LOAD /Applications/ArmGNUToolchain/15.2.rel1/arm-none-eabi/bin/../lib/gcc/arm-none-eabi/15.2.1/../../../../arm-none-eabi/lib/thumb/v6-m/nofp/libm.a
START GROUP
LOAD /Applications/ArmGNUToolchain/15.2.rel1/arm-none-eabi/bin/../lib/gcc/arm-none-eabi/15.2.1/thumb/v6-m/nofp/libgcc.a
LOAD /Applications/ArmGNUToolchain/15.2.rel1/arm-none-eabi/bin/../lib/gcc/arm-none-eabi/15.2.1/../../../../arm-none-eabi/lib/thumb/v6-m/nofp/libg.a
LOAD /Applications/ArmGNUToolchain/15.2.rel1/arm-none-eabi/bin/../lib/gcc/arm-none-eabi/15.2.1/../../../../arm-none-eabi/lib/thumb/v6-m/nofp/libc.a
END GROUP
START GROUP
LOAD /Applications/ArmGNUToolchain/15.2.rel1/arm-none-eabi/bin/../lib/gcc/arm-none-eabi/15.2.1/thumb/v6-m/nofp/libgcc.a
LOAD /Applications/ArmGNUToolchain/15.2.rel1/arm-none-eabi/bin/../lib/gcc/arm-none-eabi/15.2.1/../../../../arm-none-eabi/lib/thumb/v6-m/nofp/libc.a
LOAD /Applications/ArmGNUToolchain/15.2.rel1/arm-none-eabi/bin/../lib/gcc/arm-none-eabi/15.2.1/../../../../arm-none-eabi/lib/thumb/v6-m/nofp/libnosys.a
END GROUP
LOAD /Applications/ArmGNUToolchain/15.2.rel1/arm-none-eabi/bin/../lib/gcc/arm-none-eabi/15.2.1/thumb/v6-m/nofp/crtend.o
LOAD /Applications/ArmGNUToolchain/15.2.rel1/arm-none-eabi/bin/../lib/gcc/arm-none-eabi/15.2.1/thumb/v6-m/nofp/crtn.o
OUTPUT(HW2.elf elf32-littlearm)
LOAD linker stubs

.ARM.attributes
                0x00000000       0x28
 .ARM.attributes
                0x00000000       0x1e /Applications/ArmGNUToolchain/15.2.rel1/arm-none-eabi/bin/../lib/gcc/arm-none-eabi/15.2.1/thumb/v6-m/nofp/crti.o
 .ARM.attributes
                0x0000001e       0x2c /Applications/ArmGNUToolchain/15.2.rel1/arm-none-eabi/bin/../lib/gcc/arm-none-eabi/15.2.1/thumb/v6-m/nofp/crtbegin.o
 .ARM.attributes
                0x0000004a       0x2c CMakeFiles/HW2.dir/main.c.o
 .ARM.attributes
                0x00000076       0x2c CMakeFiles/HW2.dir/Users/annalee/Documents/GitHub/pico-sdk/src/rp2_common/hardware_gpio/gpio.c.o
 .ARM.attributes
                0x000000a2       0x2c CMakeFiles/HW2.dir/Users/annalee/Documents/GitHub/pico-sdk/src/rp2_common/pico_platform_panic/panic.c.o
 .ARM.attributes
                0x000000ce       0x2c CMakeFiles/HW2.dir/Users/annalee/Documents/GitHub/pico-sdk/src/common/hardware_claim/claim.c.o
 .ARM.attributes
                0x000000fa       0x2c CMakeFiles/HW2.dir/Users/annalee/Documents/GitHub/pico-sdk/src/rp2_common/hardware_sync/sync.c.o
 .ARM.attributes
                0x00000126       0x2c CMakeFiles/HW2.dir/Users/annalee/Documents/GitHub/pico-sdk/src/rp2_common/hardware_sync_spin_lock/sync_spin_lock.c.o
 .ARM.attributes
                0x00000152       0x2c CMakeFiles/HW2.dir/Users/annalee/Documents/GitHub/pico-sdk/src/rp2_common/hardware_irq/irq.c.o
 .ARM.attributes
                0x0000017e       0x2c CMakeFiles/HW2.dir/Users/annalee/Documents/GitHub/pico-sdk/src/common/pico_sync/lock_core.c.o
 .ARM.attributes
                0x000001aa       0x2c CMakeFiles/HW2.dir/Users/annalee/Documents/GitHub/pico-sdk/src/common/pico_sync/mutex.c.o
 .ARM.attributes
                0x000001d6       0x2c CMakeFiles/HW2.dir/Users/annalee/Documents/GitHub/pico-sdk/src/common/pico_time/time.c.o
 .ARM.attributes
                0x00000202       0x2c CMakeFiles/HW2.dir/Users/annalee/Documents/GitHub/pico-sdk/src/rp2_common/hardware_timer/timer.c.o
 .ARM.attributes
                0x0000022e       0x2c CMakeFiles/HW2.dir/Users/annalee/Documents/GitHub/pico-sdk/src/rp2_common/hardware_clocks/clocks.c.o
 .ARM.attributes
                0x0000025a       0x2c CMakeFiles/HW2.dir/Users/annalee/Documents/GitHub/pico-sdk/src/rp2_common/hardware_pll/pll.c.o
 .ARM.attributes
                0x00000286       0x2c CMakeFiles/HW2.dir/Users/annalee/Documents/GitHub/pico-sdk/src/rp2_common/hardware_ticks/ticks.c.o
 .ARM.attributes
                0x000002b2       0x2c CMakeFiles/HW2.dir/Users/annalee/Documents/GitHub/pico-sdk/src/rp2_common/pico_bootrom/bootrom.c.o
 .ARM.attributes
                0x000002de       0x2c CMakeFiles/HW2.dir/Users/annalee/Documents/GitHub/pico-sdk/src/rp2_common/hardware_xosc/xosc.c.o
 .ARM.attributes
                0x0000030a       0x2c CMakeFiles/HW2.dir/Users/annalee/Documents/GitHub/pico-sdk/src/rp2_common/pico_runtime/runtime.c.o
 .ARM.attributes
                0x00000336       0x2c CMakeFiles/HW2.dir/Users/annalee/Documents/GitHub/pico-sdk/src/rp2_common/pico_runtime_init/runtime_init.c.o
 .ARM.attributes
                0x00000362       0x2c CMakeFiles/HW2.dir/Users/annalee/Documents/GitHub/pico-sdk/src/rp2_common/pico_runtime_init/runtime_init_clocks.c.o
 .ARM.attributes
                0x0000038e       0x22 CMakeFiles/HW2.dir/Users/annalee/Documents/GitHub/pico-sdk/src/rp2_common/pico_bit_ops/bit_ops_aeabi.S.o
 .ARM.attributes
                0x000003b0       0x22 CMakeFiles/HW2.dir/Users/annalee/Documents/GitHub/pico-sdk/src/rp2_common/pico_divider/divider_hardware.S.o
 .ARM.attributes
                0x000003d2       0x22 CMakeFiles/HW2.dir/Users/annalee/Documents/GitHub/pico-sdk/src/rp2_common/pico_double/double_aeabi_rp2040.S.o
 .ARM.attributes
                0x000003f4       0x2c CMakeFiles/HW2.dir/Users/annalee/Documents/GitHub/pico-sdk/src/rp2_common/pico_double/double_init_rom_rp2040.c.o
 .ARM.attributes
                0x00000420       0x22 CMakeFiles/HW2.dir/Users/annalee/Documents/GitHub/pico-sdk/src/rp2_common/pico_double/double_v1_rom_shim_rp2040.S.o
 .ARM.attributes
                0x00000442       0x22 CMakeFiles/HW2.dir/Users/annalee/Documents/GitHub/pico-sdk/src/rp2_common/pico_int64_ops/pico_int64_ops_aeabi.S.o
 .ARM.attributes
                0x00000464       0x22 CMakeFiles/HW2.dir/Users/annalee/Documents/GitHub/pico-sdk/src/rp2_common/pico_float/float_aeabi_rp2040.S.o
 .ARM.attributes
                0x00000486       0x2c CMakeFiles/HW2.dir/Users/annalee/Documents/GitHub/pico-sdk/src/rp2_common/pico_float/float_init_rom_rp2040.c.o
 .ARM.attributes
                0x000004b2       0x22 CMakeFiles/HW2.dir/Users/annalee/Documents/GitHub/pico-sdk/src/rp2_common/pico_float/float_v1_rom_shim_rp2040.S.o
 .ARM.attributes
                0x000004d4       0x22 CMakeFiles/HW2.dir/Users/annalee/Documents/GitHub/pico-sdk/src/rp2_common/pico_mem_ops/mem_ops_aeabi.S.o
 .ARM.attributes
                0x000004f6       0x2c CMakeFiles/HW2.dir/Users/annalee/Documents/GitHub/pico-sdk/src/rp2_common/pico_standard_binary_info/standard_binary_info.c.o
 .ARM.attributes
                0x00000522       0x2c CMakeFiles/HW2.dir/Users/annalee/Documents/GitHub/pico-sdk/src/rp2_common/pico_printf/printf.c.o
 .ARM.attributes
                0x0000054e       0x22 CMakeFiles/HW2.dir/Users/annalee/Documents/GitHub/pico-sdk/src/rp2_common/pico_crt0/crt0.S.o
 .ARM.attributes
                0x00000570       0x2c CMakeFiles/HW2.dir/Users/annalee/Documents/GitHub/pico-sdk/src/rp2_common/pico_clib_interface/newlib_interface.c.o
 .ARM.attributes
                0x0000059c       0x2c CMakeFiles/HW2.dir/Users/annalee/Documents/GitHub/pico-sdk/src/rp2_common/pico_stdio/stdio.c.o
 .ARM.attributes
                0x000005c8       0x2c CMakeFiles/HW2.dir/Users/annalee/Documents/GitHub/pico-sdk/src/rp2_common/hardware_adc/adc.c.o
 .ARM.attributes
                0x000005f4       0x22 pico-sdk/src/rp2040/boot_stage2/CMakeFiles/bs2_default_library.dir/./bs2_default_padded_checksummed.S.o
 .ARM.attributes
                0x00000616       0x1e /Applications/ArmGNUToolchain/15.2.rel1/arm-none-eabi/bin/../lib/gcc/arm-none-eabi/15.2.1/thumb/v6-m/nofp/libgcc.a(_dvmd_tls.o)
 .ARM.attributes
                0x00000634       0x2c /Applications/ArmGNUToolchain/15.2.rel1/arm-none-eabi/bin/../lib/gcc/arm-none-eabi/15.2.1/../../../../arm-none-eabi/lib/thumb/v6-m/nofp/libg.a(libc_a-strlen-stub.o)
 .ARM.attributes
                0x00000660       0x2c /Applications/ArmGNUToolchain/15.2.rel1/arm-none-eabi/bin/../lib/gcc/arm-none-eabi/15.2.1/thumb/v6-m/nofp/crtend.o

.comment        0x00000000       0x45
 .comment       0x00000000       0x45 CMakeFiles/HW2.dir/main.c.o
                                 0x46 (size before relaxing)
 .comment       0x00000045        0x0 CMakeFiles/HW2.dir/Users/annalee/Documents/GitHub/pico-sdk/src/rp2_common/hardware_gpio/gpio.c.o
                                 0x46 (size before relaxing)
 .comment       0x00000045        0x0 CMakeFiles/HW2.dir/Users/annalee/Documents/GitHub/pico-sdk/src/rp2_common/pico_platform_panic/panic.c.o
                                 0x46 (size before relaxing)
 .comment       0x00000045        0x0 CMakeFiles/HW2.dir/Users/annalee/Documents/GitHub/pico-sdk/src/common/hardware_claim/claim.c.o
                                 0x46 (size before relaxing)
 .comment       0x00000045        0x0 CMakeFiles/HW2.dir/Users/annalee/Documents/GitHub/pico-sdk/src/rp2_common/hardware_sync/sync.c.o
                                 0x46 (size before relaxing)
 .comment       0x00000045        0x0 CMakeFiles/HW2.dir/Users/annalee/Documents/GitHub/pico-sdk/src/rp2_common/hardware_sync_spin_lock/sync_spin_lock.c.o
                                 0x46 (size before relaxing)
 .comment       0x00000045        0x0 CMakeFiles/HW2.dir/Users/annalee/Documents/GitHub/pico-sdk/src/rp2_common/hardware_irq/irq.c.o
                                 0x46 (size before relaxing)
 .comment       0x00000045        0x0 CMakeFiles/HW2.dir/Users/annalee/Documents/GitHub/pico-sdk/src/common/pico_sync/lock_core.c.o
                                 0x46 (size before relaxing)
 .comment       0x00000045        0x0 CMakeFiles/HW2.dir/Users/annalee/Documents/GitHub/pico-sdk/src/common/pico_sync/mutex.c.o
                                 0x46 (size before relaxing)
 .comment       0x00000045        0x0 CMakeFiles/HW2.dir/Users/annalee/Documents/GitHub/pico-sdk/src/common/pico_time/time.c.o
                                 0x46 (size before relaxing)
 .comment       0x00000045        0x0 CMakeFiles/HW2.dir/Users/annalee/Documents/GitHub/pico-sdk/src/rp2_common/hardware_timer/timer.c.o
                                 0x46 (size before relaxing)
 .comment       0x00000045        0x0 CMakeFiles/HW2.dir/Users/annalee/Documents/GitHub/pico-sdk/src/rp2_common/hardware_clocks/clocks.c.o
                                 0x46 (size before relaxing)
 .comment       0x00000045        0x0 CMakeFiles/HW2.dir/Users/annalee/Documents/GitHub/pico-sdk/src/rp2_common/hardware_pll/pll.c.o
                                 0x46 (size before relaxing)
 .comment       0x00000045        0x0 CMakeFiles/HW2.dir/Users/annalee/Documents/GitHub/pico-sdk/src/rp2_common/hardware_ticks/ticks.c.o
                                 0x46 (size before relaxing)
 .comment       0x00000045        0x0 CMakeFiles/HW2.dir/Users/annalee/Documents/GitHub/pico-sdk/src/rp2_common/pico_bootrom/bootrom.c.o
                                 0x46 (size before relaxing)
 .comment       0x00000045        0x0 CMakeFiles/HW2.dir/Users/annalee/Documents/GitHub/pico-sdk/src/rp2_common/hardware_xosc/xosc.c.o
                                 0x46 (size before relaxing)
 .comment       0x00000045        0x0 CMakeFiles/HW2.dir/Users/annalee/Documents/GitHub/pico-sdk/src/rp2_common/pico_runtime/runtime.c.o
                                 0x46 (size before relaxing)
 .comment       0x00000045        0x0 CMakeFiles/HW2.dir/Users/annalee/Documents/GitHub/pico-sdk/src/rp2_common/pico_runtime_init/runtime_init.c.o
                                 0x46 (size before relaxing)
 .comment       0x00000045        0x0 CMakeFiles/HW2.dir/Users/annalee/Documents/GitHub/pico-sdk/src/rp2_common/pico_runtime_init/runtime_init_clocks.c.o
                                 0x46 (size before relaxing)
 .comment       0x00000045        0x0 CMakeFiles/HW2.dir/Users/annalee/Documents/GitHub/pico-sdk/src/rp2_common/pico_double/double_init_rom_rp2040.c.o
                                 0x46 (size before relaxing)
 .comment       0x00000045        0x0 CMakeFiles/HW2.dir/Users/annalee/Documents/GitHub/pico-sdk/src/rp2_common/pico_float/float_init_rom_rp2040.c.o
                                 0x46 (size before relaxing)
 .comment       0x00000045        0x0 CMakeFiles/HW2.dir/Users/annalee/Documents/GitHub/pico-sdk/src/rp2_common/pico_standard_binary_info/standard_binary_info.c.o
                                 0x46 (size before relaxing)
 .comment       0x00000045        0x0 CMakeFiles/HW2.dir/Users/annalee/Documents/GitHub/pico-sdk/src/rp2_common/pico_printf/printf.c.o
                                 0x46 (size before relaxing)
 .comment       0x00000045        0x0 CMakeFiles/HW2.dir/Users/annalee/Documents/GitHub/pico-sdk/src/rp2_common/pico_clib_interface/newlib_interface.c.o
                                 0x46 (size before relaxing)
 .comment       0x00000045        0x0 CMakeFiles/HW2.dir/Users/annalee/Documents/GitHub/pico-sdk/src/rp2_common/pico_stdio/stdio.c.o
                                 0x46 (size before relaxing)
 .comment       0x00000045        0x0 CMakeFiles/HW2.dir/Users/annalee/Documents/GitHub/pico-sdk/src/rp2_common/hardware_adc/adc.c.o
                                 0x46 (size before relaxing)

.debug_info     0x00000000    0x1ae17
 .debug_info    0x00000000     0x1179 CMakeFiles/HW2.dir/main.c.o
 .debug_info    0x00001179     0x244a CMakeFiles/HW2.dir/Users/annalee/Documents/GitHub/pico-sdk/src/rp2_common/hardware_gpio/gpio.c.o
 .debug_info    0x000035c3      0x1c4 CMakeFiles/HW2.dir/Users/annalee/Documents/GitHub/pico-sdk/src/rp2_common/pico_platform_panic/panic.c.o
 .debug_info    0x00003787      0x98d CMakeFiles/HW2.dir/Users/annalee/Documents/GitHub/pico-sdk/src/common/hardware_claim/claim.c.o
 .debug_info    0x00004114      0x464 CMakeFiles/HW2.dir/Users/annalee/Documents/GitHub/pico-sdk/src/rp2_common/hardware_sync/sync.c.o
 .debug_info    0x00004578      0x24a CMakeFiles/HW2.dir/Users/annalee/Documents/GitHub/pico-sdk/src/rp2_common/hardware_sync_spin_lock/sync_spin_lock.c.o
 .debug_info    0x000047c2     0x21c3 CMakeFiles/HW2.dir/Users/annalee/Documents/GitHub/pico-sdk/src/rp2_common/hardware_irq/irq.c.o
 .debug_info    0x00006985      0x164 CMakeFiles/HW2.dir/Users/annalee/Documents/GitHub/pico-sdk/src/common/pico_sync/lock_core.c.o
 .debug_info    0x00006ae9     0x278b CMakeFiles/HW2.dir/Users/annalee/Documents/GitHub/pico-sdk/src/common/pico_sync/mutex.c.o
 .debug_info    0x00009274     0x4f44 CMakeFiles/HW2.dir/Users/annalee/Documents/GitHub/pico-sdk/src/common/pico_time/time.c.o
 .debug_info    0x0000e1b8     0x2aa7 CMakeFiles/HW2.dir/Users/annalee/Documents/GitHub/pico-sdk/src/rp2_common/hardware_timer/timer.c.o
 .debug_info    0x00010c5f     0x299f CMakeFiles/HW2.dir/Users/annalee/Documents/GitHub/pico-sdk/src/rp2_common/hardware_clocks/clocks.c.o
 .debug_info    0x000135fe      0x4f5 CMakeFiles/HW2.dir/Users/annalee/Documents/GitHub/pico-sdk/src/rp2_common/hardware_pll/pll.c.o
 .debug_info    0x00013af3      0x24d CMakeFiles/HW2.dir/Users/annalee/Documents/GitHub/pico-sdk/src/rp2_common/hardware_ticks/ticks.c.o
 .debug_info    0x00013d40      0x65f CMakeFiles/HW2.dir/Users/annalee/Documents/GitHub/pico-sdk/src/rp2_common/pico_bootrom/bootrom.c.o
 .debug_info    0x0001439f      0x1d5 CMakeFiles/HW2.dir/Users/annalee/Documents/GitHub/pico-sdk/src/rp2_common/hardware_xosc/xosc.c.o
 .debug_info    0x00014574      0x20b CMakeFiles/HW2.dir/Users/annalee/Documents/GitHub/pico-sdk/src/rp2_common/pico_runtime/runtime.c.o
 .debug_info    0x0001477f      0x7ef CMakeFiles/HW2.dir/Users/annalee/Documents/GitHub/pico-sdk/src/rp2_common/pico_runtime_init/runtime_init.c.o
 .debug_info    0x00014f6e      0x786 CMakeFiles/HW2.dir/Users/annalee/Documents/GitHub/pico-sdk/src/rp2_common/pico_runtime_init/runtime_init_clocks.c.o
 .debug_info    0x000156f4       0x23 CMakeFiles/HW2.dir/Users/annalee/Documents/GitHub/pico-sdk/src/rp2_common/pico_bit_ops/bit_ops_aeabi.S.o
 .debug_info    0x00015717       0x23 CMakeFiles/HW2.dir/Users/annalee/Documents/GitHub/pico-sdk/src/rp2_common/pico_divider/divider_hardware.S.o
 .debug_info    0x0001573a       0x23 CMakeFiles/HW2.dir/Users/annalee/Documents/GitHub/pico-sdk/src/rp2_common/pico_double/double_aeabi_rp2040.S.o
 .debug_info    0x0001575d      0x283 CMakeFiles/HW2.dir/Users/annalee/Documents/GitHub/pico-sdk/src/rp2_common/pico_double/double_init_rom_rp2040.c.o
 .debug_info    0x000159e0       0x23 CMakeFiles/HW2.dir/Users/annalee/Documents/GitHub/pico-sdk/src/rp2_common/pico_double/double_v1_rom_shim_rp2040.S.o
 .debug_info    0x00015a03       0x24 CMakeFiles/HW2.dir/Users/annalee/Documents/GitHub/pico-sdk/src/rp2_common/pico_int64_ops/pico_int64_ops_aeabi.S.o
 .debug_info    0x00015a27       0x23 CMakeFiles/HW2.dir/Users/annalee/Documents/GitHub/pico-sdk/src/rp2_common/pico_float/float_aeabi_rp2040.S.o
 .debug_info    0x00015a4a      0x283 CMakeFiles/HW2.dir/Users/annalee/Documents/GitHub/pico-sdk/src/rp2_common/pico_float/float_init_rom_rp2040.c.o
 .debug_info    0x00015ccd       0x23 CMakeFiles/HW2.dir/Users/annalee/Documents/GitHub/pico-sdk/src/rp2_common/pico_float/float_v1_rom_shim_rp2040.S.o
 .debug_info    0x00015cf0       0x23 CMakeFiles/HW2.dir/Users/annalee/Documents/GitHub/pico-sdk/src/rp2_common/pico_mem_ops/mem_ops_aeabi.S.o
 .debug_info    0x00015d13      0x2bd CMakeFiles/HW2.dir/Users/annalee/Documents/GitHub/pico-sdk/src/rp2_common/pico_standard_binary_info/standard_binary_info.c.o
 .debug_info    0x00015fd0     0x230c CMakeFiles/HW2.dir/Users/annalee/Documents/GitHub/pico-sdk/src/rp2_common/pico_printf/printf.c.o
 .debug_info    0x000182dc       0x23 CMakeFiles/HW2.dir/Users/annalee/Documents/GitHub/pico-sdk/src/rp2_common/pico_crt0/crt0.S.o
 .debug_info    0x000182ff      0xba8 CMakeFiles/HW2.dir/Users/annalee/Documents/GitHub/pico-sdk/src/rp2_common/pico_clib_interface/newlib_interface.c.o
 .debug_info    0x00018ea7     0x1b6f CMakeFiles/HW2.dir/Users/annalee/Documents/GitHub/pico-sdk/src/rp2_common/pico_stdio/stdio.c.o
 .debug_info    0x0001aa16      0x401 CMakeFiles/HW2.dir/Users/annalee/Documents/GitHub/pico-sdk/src/rp2_common/hardware_adc/adc.c.o

.debug_abbrev   0x00000000     0x4e07
 .debug_abbrev  0x00000000      0x464 CMakeFiles/HW2.dir/main.c.o
 .debug_abbrev  0x00000464      0x501 CMakeFiles/HW2.dir/Users/annalee/Documents/GitHub/pico-sdk/src/rp2_common/hardware_gpio/gpio.c.o
 .debug_abbrev  0x00000965      0x131 CMakeFiles/HW2.dir/Users/annalee/Documents/GitHub/pico-sdk/src/rp2_common/pico_platform_panic/panic.c.o
 .debug_abbrev  0x00000a96      0x326 CMakeFiles/HW2.dir/Users/annalee/Documents/GitHub/pico-sdk/src/common/hardware_claim/claim.c.o
 .debug_abbrev  0x00000dbc      0x215 CMakeFiles/HW2.dir/Users/annalee/Documents/GitHub/pico-sdk/src/rp2_common/hardware_sync/sync.c.o
 .debug_abbrev  0x00000fd1      0x1c1 CMakeFiles/HW2.dir/Users/annalee/Documents/GitHub/pico-sdk/src/rp2_common/hardware_sync_spin_lock/sync_spin_lock.c.o
 .debug_abbrev  0x00001192      0x62f CMakeFiles/HW2.dir/Users/annalee/Documents/GitHub/pico-sdk/src/rp2_common/hardware_irq/irq.c.o
 .debug_abbrev  0x000017c1       0xf4 CMakeFiles/HW2.dir/Users/annalee/Documents/GitHub/pico-sdk/src/common/pico_sync/lock_core.c.o
 .debug_abbrev  0x000018b5      0x481 CMakeFiles/HW2.dir/Users/annalee/Documents/GitHub/pico-sdk/src/common/pico_sync/mutex.c.o
 .debug_abbrev  0x00001d36      0x65f CMakeFiles/HW2.dir/Users/annalee/Documents/GitHub/pico-sdk/src/common/pico_time/time.c.o
 .debug_abbrev  0x00002395      0x4fa CMakeFiles/HW2.dir/Users/annalee/Documents/GitHub/pico-sdk/src/rp2_common/hardware_timer/timer.c.o
 .debug_abbrev  0x0000288f      0x500 CMakeFiles/HW2.dir/Users/annalee/Documents/GitHub/pico-sdk/src/rp2_common/hardware_clocks/clocks.c.o
 .debug_abbrev  0x00002d8f      0x1dc CMakeFiles/HW2.dir/Users/annalee/Documents/GitHub/pico-sdk/src/rp2_common/hardware_pll/pll.c.o
 .debug_abbrev  0x00002f6b      0x14b CMakeFiles/HW2.dir/Users/annalee/Documents/GitHub/pico-sdk/src/rp2_common/hardware_ticks/ticks.c.o
 .debug_abbrev  0x000030b6      0x1c2 CMakeFiles/HW2.dir/Users/annalee/Documents/GitHub/pico-sdk/src/rp2_common/pico_bootrom/bootrom.c.o
 .debug_abbrev  0x00003278      0x123 CMakeFiles/HW2.dir/Users/annalee/Documents/GitHub/pico-sdk/src/rp2_common/hardware_xosc/xosc.c.o
 .debug_abbrev  0x0000339b      0x176 CMakeFiles/HW2.dir/Users/annalee/Documents/GitHub/pico-sdk/src/rp2_common/pico_runtime/runtime.c.o
 .debug_abbrev  0x00003511      0x271 CMakeFiles/HW2.dir/Users/annalee/Documents/GitHub/pico-sdk/src/rp2_common/pico_runtime_init/runtime_init.c.o
 .debug_abbrev  0x00003782      0x2b5 CMakeFiles/HW2.dir/Users/annalee/Documents/GitHub/pico-sdk/src/rp2_common/pico_runtime_init/runtime_init_clocks.c.o
 .debug_abbrev  0x00003a37       0x12 CMakeFiles/HW2.dir/Users/annalee/Documents/GitHub/pico-sdk/src/rp2_common/pico_bit_ops/bit_ops_aeabi.S.o
 .debug_abbrev  0x00003a49       0x12 CMakeFiles/HW2.dir/Users/annalee/Documents/GitHub/pico-sdk/src/rp2_common/pico_divider/divider_hardware.S.o
 .debug_abbrev  0x00003a5b       0x12 CMakeFiles/HW2.dir/Users/annalee/Documents/GitHub/pico-sdk/src/rp2_common/pico_double/double_aeabi_rp2040.S.o
 .debug_abbrev  0x00003a6d      0x180 CMakeFiles/HW2.dir/Users/annalee/Documents/GitHub/pico-sdk/src/rp2_common/pico_double/double_init_rom_rp2040.c.o
 .debug_abbrev  0x00003bed       0x12 CMakeFiles/HW2.dir/Users/annalee/Documents/GitHub/pico-sdk/src/rp2_common/pico_double/double_v1_rom_shim_rp2040.S.o
 .debug_abbrev  0x00003bff       0x14 CMakeFiles/HW2.dir/Users/annalee/Documents/GitHub/pico-sdk/src/rp2_common/pico_int64_ops/pico_int64_ops_aeabi.S.o
 .debug_abbrev  0x00003c13       0x12 CMakeFiles/HW2.dir/Users/annalee/Documents/GitHub/pico-sdk/src/rp2_common/pico_float/float_aeabi_rp2040.S.o
 .debug_abbrev  0x00003c25      0x179 CMakeFiles/HW2.dir/Users/annalee/Documents/GitHub/pico-sdk/src/rp2_common/pico_float/float_init_rom_rp2040.c.o
 .debug_abbrev  0x00003d9e       0x12 CMakeFiles/HW2.dir/Users/annalee/Documents/GitHub/pico-sdk/src/rp2_common/pico_float/float_v1_rom_shim_rp2040.S.o
 .debug_abbrev  0x00003db0       0x12 CMakeFiles/HW2.dir/Users/annalee/Documents/GitHub/pico-sdk/src/rp2_common/pico_mem_ops/mem_ops_aeabi.S.o
 .debug_abbrev  0x00003dc2       0xbe CMakeFiles/HW2.dir/Users/annalee/Documents/GitHub/pico-sdk/src/rp2_common/pico_standard_binary_info/standard_binary_info.c.o
 .debug_abbrev  0x00003e80      0x4f5 CMakeFiles/HW2.dir/Users/annalee/Documents/GitHub/pico-sdk/src/rp2_common/pico_printf/printf.c.o
 .debug_abbrev  0x00004375       0x12 CMakeFiles/HW2.dir/Users/annalee/Documents/GitHub/pico-sdk/src/rp2_common/pico_crt0/crt0.S.o
 .debug_abbrev  0x00004387      0x34c CMakeFiles/HW2.dir/Users/annalee/Documents/GitHub/pico-sdk/src/rp2_common/pico_clib_interface/newlib_interface.c.o
 .debug_abbrev  0x000046d3      0x5ec CMakeFiles/HW2.dir/Users/annalee/Documents/GitHub/pico-sdk/src/rp2_common/pico_stdio/stdio.c.o
 .debug_abbrev  0x00004cbf      0x148 CMakeFiles/HW2.dir/Users/annalee/Documents/GitHub/pico-sdk/src/rp2_common/hardware_adc/adc.c.o

.debug_loclists
                0x00000000     0xfed5
 .debug_loclists
                0x00000000      0x9ef CMakeFiles/HW2.dir/main.c.o
 .debug_loclists
                0x000009ef     0x18f5 CMakeFiles/HW2.dir/Users/annalee/Documents/GitHub/pico-sdk/src/rp2_common/hardware_gpio/gpio.c.o
 .debug_loclists
                0x000022e4      0x36d CMakeFiles/HW2.dir/Users/annalee/Documents/GitHub/pico-sdk/src/common/hardware_claim/claim.c.o
 .debug_loclists
                0x00002651      0x101 CMakeFiles/HW2.dir/Users/annalee/Documents/GitHub/pico-sdk/src/rp2_common/hardware_sync/sync.c.o
 .debug_loclists
                0x00002752       0x7d CMakeFiles/HW2.dir/Users/annalee/Documents/GitHub/pico-sdk/src/rp2_common/hardware_sync_spin_lock/sync_spin_lock.c.o
 .debug_loclists
                0x000027cf     0x108c CMakeFiles/HW2.dir/Users/annalee/Documents/GitHub/pico-sdk/src/rp2_common/hardware_irq/irq.c.o
 .debug_loclists
                0x0000385b       0x41 CMakeFiles/HW2.dir/Users/annalee/Documents/GitHub/pico-sdk/src/common/pico_sync/lock_core.c.o
 .debug_loclists
                0x0000389c      0xad8 CMakeFiles/HW2.dir/Users/annalee/Documents/GitHub/pico-sdk/src/common/pico_sync/mutex.c.o
 .debug_loclists
                0x00004374     0x2851 CMakeFiles/HW2.dir/Users/annalee/Documents/GitHub/pico-sdk/src/common/pico_time/time.c.o
 .debug_loclists
                0x00006bc5     0x18f6 CMakeFiles/HW2.dir/Users/annalee/Documents/GitHub/pico-sdk/src/rp2_common/hardware_timer/timer.c.o
 .debug_loclists
                0x000084bb     0x2e22 CMakeFiles/HW2.dir/Users/annalee/Documents/GitHub/pico-sdk/src/rp2_common/hardware_clocks/clocks.c.o
 .debug_loclists
                0x0000b2dd      0x1cf CMakeFiles/HW2.dir/Users/annalee/Documents/GitHub/pico-sdk/src/rp2_common/hardware_pll/pll.c.o
 .debug_loclists
                0x0000b4ac       0x47 CMakeFiles/HW2.dir/Users/annalee/Documents/GitHub/pico-sdk/src/rp2_common/hardware_ticks/ticks.c.o
 .debug_loclists
                0x0000b4f3      0x351 CMakeFiles/HW2.dir/Users/annalee/Documents/GitHub/pico-sdk/src/rp2_common/pico_bootrom/bootrom.c.o
 .debug_loclists
                0x0000b844       0x48 CMakeFiles/HW2.dir/Users/annalee/Documents/GitHub/pico-sdk/src/rp2_common/hardware_xosc/xosc.c.o
 .debug_loclists
                0x0000b88c       0x7e CMakeFiles/HW2.dir/Users/annalee/Documents/GitHub/pico-sdk/src/rp2_common/pico_runtime/runtime.c.o
 .debug_loclists
                0x0000b90a      0x141 CMakeFiles/HW2.dir/Users/annalee/Documents/GitHub/pico-sdk/src/rp2_common/pico_runtime_init/runtime_init.c.o
 .debug_loclists
                0x0000ba4b       0x69 CMakeFiles/HW2.dir/Users/annalee/Documents/GitHub/pico-sdk/src/rp2_common/pico_runtime_init/runtime_init_clocks.c.o
 .debug_loclists
                0x0000bab4       0x3d CMakeFiles/HW2.dir/Users/annalee/Documents/GitHub/pico-sdk/src/rp2_common/pico_double/double_init_rom_rp2040.c.o
 .debug_loclists
                0x0000baf1       0x59 CMakeFiles/HW2.dir/Users/annalee/Documents/GitHub/pico-sdk/src/rp2_common/pico_float/float_init_rom_rp2040.c.o
 .debug_loclists
                0x0000bb4a     0x3100 CMakeFiles/HW2.dir/Users/annalee/Documents/GitHub/pico-sdk/src/rp2_common/pico_printf/printf.c.o
 .debug_loclists
                0x0000ec4a      0x419 CMakeFiles/HW2.dir/Users/annalee/Documents/GitHub/pico-sdk/src/rp2_common/pico_clib_interface/newlib_interface.c.o
 .debug_loclists
                0x0000f063      0xdda CMakeFiles/HW2.dir/Users/annalee/Documents/GitHub/pico-sdk/src/rp2_common/pico_stdio/stdio.c.o
 .debug_loclists
                0x0000fe3d       0x98 CMakeFiles/HW2.dir/Users/annalee/Documents/GitHub/pico-sdk/src/rp2_common/hardware_adc/adc.c.o

.debug_aranges  0x00000000      0xe98
 .debug_aranges
                0x00000000       0x30 CMakeFiles/HW2.dir/main.c.o
 .debug_aranges
                0x00000030      0x118 CMakeFiles/HW2.dir/Users/annalee/Documents/GitHub/pico-sdk/src/rp2_common/hardware_gpio/gpio.c.o
 .debug_aranges
                0x00000148       0x28 CMakeFiles/HW2.dir/Users/annalee/Documents/GitHub/pico-sdk/src/rp2_common/pico_platform_panic/panic.c.o
 .debug_aranges
                0x00000170       0x48 CMakeFiles/HW2.dir/Users/annalee/Documents/GitHub/pico-sdk/src/common/hardware_claim/claim.c.o
 .debug_aranges
                0x000001b8       0x48 CMakeFiles/HW2.dir/Users/annalee/Documents/GitHub/pico-sdk/src/rp2_common/hardware_sync/sync.c.o
 .debug_aranges
                0x00000200       0x28 CMakeFiles/HW2.dir/Users/annalee/Documents/GitHub/pico-sdk/src/rp2_common/hardware_sync_spin_lock/sync_spin_lock.c.o
 .debug_aranges
                0x00000228       0xb8 CMakeFiles/HW2.dir/Users/annalee/Documents/GitHub/pico-sdk/src/rp2_common/hardware_irq/irq.c.o
 .debug_aranges
                0x000002e0       0x20 CMakeFiles/HW2.dir/Users/annalee/Documents/GitHub/pico-sdk/src/common/pico_sync/lock_core.c.o
 .debug_aranges
                0x00000300       0x98 CMakeFiles/HW2.dir/Users/annalee/Documents/GitHub/pico-sdk/src/common/pico_sync/mutex.c.o
 .debug_aranges
                0x00000398       0xe0 CMakeFiles/HW2.dir/Users/annalee/Documents/GitHub/pico-sdk/src/common/pico_time/time.c.o
 .debug_aranges
                0x00000478       0xf0 CMakeFiles/HW2.dir/Users/annalee/Documents/GitHub/pico-sdk/src/rp2_common/hardware_timer/timer.c.o
 .debug_aranges
                0x00000568       0x90 CMakeFiles/HW2.dir/Users/annalee/Documents/GitHub/pico-sdk/src/rp2_common/hardware_clocks/clocks.c.o
 .debug_aranges
                0x000005f8       0x28 CMakeFiles/HW2.dir/Users/annalee/Documents/GitHub/pico-sdk/src/rp2_common/hardware_pll/pll.c.o
 .debug_aranges
                0x00000620       0x30 CMakeFiles/HW2.dir/Users/annalee/Documents/GitHub/pico-sdk/src/rp2_common/hardware_ticks/ticks.c.o
 .debug_aranges
                0x00000650       0x40 CMakeFiles/HW2.dir/Users/annalee/Documents/GitHub/pico-sdk/src/rp2_common/pico_bootrom/bootrom.c.o
 .debug_aranges
                0x00000690       0x30 CMakeFiles/HW2.dir/Users/annalee/Documents/GitHub/pico-sdk/src/rp2_common/hardware_xosc/xosc.c.o
 .debug_aranges
                0x000006c0       0x38 CMakeFiles/HW2.dir/Users/annalee/Documents/GitHub/pico-sdk/src/rp2_common/pico_runtime/runtime.c.o
 .debug_aranges
                0x000006f8       0x48 CMakeFiles/HW2.dir/Users/annalee/Documents/GitHub/pico-sdk/src/rp2_common/pico_runtime_init/runtime_init.c.o
 .debug_aranges
                0x00000740       0x20 CMakeFiles/HW2.dir/Users/annalee/Documents/GitHub/pico-sdk/src/rp2_common/pico_runtime_init/runtime_init_clocks.c.o
 .debug_aranges
                0x00000760       0x60 CMakeFiles/HW2.dir/Users/annalee/Documents/GitHub/pico-sdk/src/rp2_common/pico_bit_ops/bit_ops_aeabi.S.o
 .debug_aranges
                0x000007c0       0x40 CMakeFiles/HW2.dir/Users/annalee/Documents/GitHub/pico-sdk/src/rp2_common/pico_divider/divider_hardware.S.o
 .debug_aranges
                0x00000800      0x150 CMakeFiles/HW2.dir/Users/annalee/Documents/GitHub/pico-sdk/src/rp2_common/pico_double/double_aeabi_rp2040.S.o
 .debug_aranges
                0x00000950       0x20 CMakeFiles/HW2.dir/Users/annalee/Documents/GitHub/pico-sdk/src/rp2_common/pico_double/double_init_rom_rp2040.c.o
 .debug_aranges
                0x00000970       0xc8 CMakeFiles/HW2.dir/Users/annalee/Documents/GitHub/pico-sdk/src/rp2_common/pico_double/double_v1_rom_shim_rp2040.S.o
 .debug_aranges
                0x00000a38       0x20 CMakeFiles/HW2.dir/Users/annalee/Documents/GitHub/pico-sdk/src/rp2_common/pico_int64_ops/pico_int64_ops_aeabi.S.o
 .debug_aranges
                0x00000a58      0x138 CMakeFiles/HW2.dir/Users/annalee/Documents/GitHub/pico-sdk/src/rp2_common/pico_float/float_aeabi_rp2040.S.o
 .debug_aranges
                0x00000b90       0x20 CMakeFiles/HW2.dir/Users/annalee/Documents/GitHub/pico-sdk/src/rp2_common/pico_float/float_init_rom_rp2040.c.o
 .debug_aranges
                0x00000bb0       0x50 CMakeFiles/HW2.dir/Users/annalee/Documents/GitHub/pico-sdk/src/rp2_common/pico_float/float_v1_rom_shim_rp2040.S.o
 .debug_aranges
                0x00000c00       0x38 CMakeFiles/HW2.dir/Users/annalee/Documents/GitHub/pico-sdk/src/rp2_common/pico_mem_ops/mem_ops_aeabi.S.o
 .debug_aranges
                0x00000c38       0x18 CMakeFiles/HW2.dir/Users/annalee/Documents/GitHub/pico-sdk/src/rp2_common/pico_standard_binary_info/standard_binary_info.c.o
 .debug_aranges
                0x00000c50       0x90 CMakeFiles/HW2.dir/Users/annalee/Documents/GitHub/pico-sdk/src/rp2_common/pico_printf/printf.c.o
 .debug_aranges
                0x00000ce0       0x28 CMakeFiles/HW2.dir/Users/annalee/Documents/GitHub/pico-sdk/src/rp2_common/pico_crt0/crt0.S.o
 .debug_aranges
                0x00000d08       0xa8 CMakeFiles/HW2.dir/Users/annalee/Documents/GitHub/pico-sdk/src/rp2_common/pico_clib_interface/newlib_interface.c.o
 .debug_aranges
                0x00000db0       0xc8 CMakeFiles/HW2.dir/Users/annalee/Documents/GitHub/pico-sdk/src/rp2_common/pico_stdio/stdio.c.o
 .debug_aranges
                0x00000e78       0x20 CMakeFiles/HW2.dir/Users/annalee/Documents/GitHub/pico-sdk/src/rp2_common/hardware_adc/adc.c.o

.debug_rnglists
                0x00000000     0x2b34
 .debug_rnglists
                0x00000000      0x145 CMakeFiles/HW2.dir/main.c.o
 .debug_rnglists
                0x00000145      0x56d CMakeFiles/HW2.dir/Users/annalee/Documents/GitHub/pico-sdk/src/rp2_common/hardware_gpio/gpio.c.o
 .debug_rnglists
                0x000006b2       0x19 CMakeFiles/HW2.dir/Users/annalee/Documents/GitHub/pico-sdk/src/rp2_common/pico_platform_panic/panic.c.o
 .debug_rnglists
                0x000006cb       0xb6 CMakeFiles/HW2.dir/Users/annalee/Documents/GitHub/pico-sdk/src/common/hardware_claim/claim.c.o
 .debug_rnglists
                0x00000781       0x58 CMakeFiles/HW2.dir/Users/annalee/Documents/GitHub/pico-sdk/src/rp2_common/hardware_sync/sync.c.o
 .debug_rnglists
                0x000007d9       0x3d CMakeFiles/HW2.dir/Users/annalee/Documents/GitHub/pico-sdk/src/rp2_common/hardware_sync_spin_lock/sync_spin_lock.c.o
 .debug_rnglists
                0x00000816      0x362 CMakeFiles/HW2.dir/Users/annalee/Documents/GitHub/pico-sdk/src/rp2_common/hardware_irq/irq.c.o
 .debug_rnglists
                0x00000b78       0x1f CMakeFiles/HW2.dir/Users/annalee/Documents/GitHub/pico-sdk/src/common/pico_sync/lock_core.c.o
 .debug_rnglists
                0x00000b97      0x322 CMakeFiles/HW2.dir/Users/annalee/Documents/GitHub/pico-sdk/src/common/pico_sync/mutex.c.o
 .debug_rnglists
                0x00000eb9      0x7cd CMakeFiles/HW2.dir/Users/annalee/Documents/GitHub/pico-sdk/src/common/pico_time/time.c.o
 .debug_rnglists
                0x00001686      0x2b6 CMakeFiles/HW2.dir/Users/annalee/Documents/GitHub/pico-sdk/src/rp2_common/hardware_timer/timer.c.o
 .debug_rnglists
                0x0000193c      0x5e4 CMakeFiles/HW2.dir/Users/annalee/Documents/GitHub/pico-sdk/src/rp2_common/hardware_clocks/clocks.c.o
 .debug_rnglists
                0x00001f20       0x41 CMakeFiles/HW2.dir/Users/annalee/Documents/GitHub/pico-sdk/src/rp2_common/hardware_pll/pll.c.o
 .debug_rnglists
                0x00001f61       0x2b CMakeFiles/HW2.dir/Users/annalee/Documents/GitHub/pico-sdk/src/rp2_common/hardware_ticks/ticks.c.o
 .debug_rnglists
                0x00001f8c      0x112 CMakeFiles/HW2.dir/Users/annalee/Documents/GitHub/pico-sdk/src/rp2_common/pico_bootrom/bootrom.c.o
 .debug_rnglists
                0x0000209e       0x1f CMakeFiles/HW2.dir/Users/annalee/Documents/GitHub/pico-sdk/src/rp2_common/hardware_xosc/xosc.c.o
 .debug_rnglists
                0x000020bd       0x6d CMakeFiles/HW2.dir/Users/annalee/Documents/GitHub/pico-sdk/src/rp2_common/pico_runtime/runtime.c.o
 .debug_rnglists
                0x0000212a       0x4a CMakeFiles/HW2.dir/Users/annalee/Documents/GitHub/pico-sdk/src/rp2_common/pico_runtime_init/runtime_init.c.o
 .debug_rnglists
                0x00002174       0x20 CMakeFiles/HW2.dir/Users/annalee/Documents/GitHub/pico-sdk/src/rp2_common/pico_runtime_init/runtime_init_clocks.c.o
 .debug_rnglists
                0x00002194       0x43 CMakeFiles/HW2.dir/Users/annalee/Documents/GitHub/pico-sdk/src/rp2_common/pico_bit_ops/bit_ops_aeabi.S.o
 .debug_rnglists
                0x000021d7       0x2c CMakeFiles/HW2.dir/Users/annalee/Documents/GitHub/pico-sdk/src/rp2_common/pico_divider/divider_hardware.S.o
 .debug_rnglists
                0x00002203       0xf9 CMakeFiles/HW2.dir/Users/annalee/Documents/GitHub/pico-sdk/src/rp2_common/pico_double/double_aeabi_rp2040.S.o
 .debug_rnglists
                0x000022fc       0x14 CMakeFiles/HW2.dir/Users/annalee/Documents/GitHub/pico-sdk/src/rp2_common/pico_double/double_init_rom_rp2040.c.o